******************************************************************************
                  TI ARM Linker PC v5.2.5                      
******************************************************************************
>> Linked Thu Apr 28 18:37:07 2016

OUTPUT FILE NAME:   <rfPacketTx_CC1310_LAUNCHXL_TI_CC1310F128.out>
ENTRY POINT SYMBOL: "ResetISR"  address: 0000480d


MEMORY CONFIGURATION

         name            origin    length      used     unused   attr    fill
----------------------  --------  ---------  --------  --------  ----  --------
  FLASH                 00000000   00020000  00004b8c  0001b474  R  X
  SRAM                  20000000   00005000  000017b4  0000384c  RW X


SEGMENT ALLOCATION MAP

run origin  load origin   length   init length attrs members
----------  ----------- ---------- ----------- ----- -------
00000000    00000000    000007d0   000007d0    r--
  00000000    00000000    0000003c   0000003c    r-- .resetVecs
  0000003c    0000003c    0000039c   0000039c    r-- .const
  000003d8    000003d8    000003f8   000003f8    r-- .cinit
00001000    00001000    00004370   00004370    r-x
  00001000    00001000    0000003c   0000003c    r-- .const:ti_sysbios_knl_Task_Object__PARAMS__C
  0000103c    0000103c    00000034   00000034    r-- .const:ti_sysbios_knl_Mailbox_Object__PARAMS__C
  00001070    00001070    00000030   00000030    r-- .const:ti_sysbios_family_arm_m3_Hwi_Object__PARAMS__C
  000010a0    000010a0    0000002c   0000002c    r-- .const:ti_sysbios_hal_Hwi_Object__PARAMS__C
  000010cc    000010cc    00000028   00000028    r-- .const:ti_sysbios_heaps_HeapMem_Module__FXNS__C
  000010f4    000010f4    00000028   00000028    r-- .const:ti_sysbios_knl_Swi_Object__PARAMS__C
  0000111c    0000111c    00000024   00000024    r-- .const:ti_sysbios_gates_GateHwi_Module__FXNS__C
  00001140    00001140    00000024   00000024    r-- .const:ti_sysbios_gates_GateMutex_Module__FXNS__C
  00001164    00001164    00000024   00000024    r-- .const:ti_sysbios_heaps_HeapMem_Object__PARAMS__C
  00001188    00001188    00000024   00000024    r-- .const:ti_sysbios_knl_Clock_Object__PARAMS__C
  000011ac    000011ac    00000024   00000024    r-- .const:ti_sysbios_knl_Semaphore_Object__PARAMS__C
  000011d0    000011d0    00000020   00000020    r-- .const:ti_sysbios_family_arm_m3_Hwi_Object__DESC__C
  000011f0    000011f0    00000020   00000020    r-- .const:ti_sysbios_gates_GateHwi_Object__DESC__C
  00001210    00001210    00000020   00000020    r-- .const:ti_sysbios_gates_GateMutex_Object__DESC__C
  00001230    00001230    00000020   00000020    r-- .const:ti_sysbios_hal_Hwi_Object__DESC__C
  00001250    00001250    00000020   00000020    r-- .const:ti_sysbios_heaps_HeapMem_Object__DESC__C
  00001270    00001270    00000020   00000020    r-- .const:ti_sysbios_knl_Clock_Object__DESC__C
  00001290    00001290    00000020   00000020    r-- .const:ti_sysbios_knl_Mailbox_Object__DESC__C
  000012b0    000012b0    00000020   00000020    r-- .const:ti_sysbios_knl_Queue_Object__DESC__C
  000012d0    000012d0    00000020   00000020    r-- .const:ti_sysbios_knl_Semaphore_Object__DESC__C
  000012f0    000012f0    00000020   00000020    r-- .const:ti_sysbios_knl_Swi_Object__DESC__C
  00001310    00001310    00000020   00000020    r-- .const:ti_sysbios_knl_Task_Object__DESC__C
  00001330    00001330    00000018   00000018    r-- .const:ti_sysbios_gates_GateHwi_Object__PARAMS__C
  00001348    00001348    00000018   00000018    r-- .const:ti_sysbios_gates_GateMutex_Object__PARAMS__C
  00001360    00001360    00000018   00000018    r-- .const:ti_sysbios_knl_Queue_Object__PARAMS__C
  00001378    00001378    00000008   00000008    r-- .const:ti_sysbios_knl_Idle_funcList__C
  00001384    00001384    00000004   00000004    r-- .const:ti_sysbios_family_arm_cc26xx_Timer_startupNeeded__C
  00001388    00001388    00000004   00000004    r-- .const:ti_sysbios_family_arm_m3_Hwi_E_alreadyDefined__C
  0000138c    0000138c    00000004   00000004    r-- .const:ti_sysbios_family_arm_m3_Hwi_E_hwiLimitExceeded__C
  00001390    00001390    00000004   00000004    r-- .const:ti_sysbios_family_arm_m3_Hwi_NUM_INTERRUPTS__C
  00001394    00001394    00000004   00000004    r-- .const:ti_sysbios_family_arm_m3_Hwi_Object__count__C
  00001398    00001398    00000004   00000004    r-- .const:ti_sysbios_family_arm_m3_Hwi_Object__table__C
  0000139c    0000139c    00000004   00000004    r-- .const:ti_sysbios_family_arm_m3_Hwi_ccr__C
  000013a0    000013a0    00000004   00000004    r-- .const:ti_sysbios_family_arm_m3_Hwi_excHandlerFunc__C
  000013a4    000013a4    00000004   00000004    r-- .const:ti_sysbios_family_arm_m3_Hwi_nullIsrFunc__C
  000013a8    000013a8    00000004   00000004    r-- .const:ti_sysbios_family_arm_m3_Hwi_numSparseInterrupts__C
  000013ac    000013ac    00000004   00000004    r-- .const:ti_sysbios_family_arm_m3_Hwi_priGroup__C
  000013b0    000013b0    00000004   00000004    r-- .const:ti_sysbios_family_arm_m3_TaskSupport_stackAlignment__C
  000013b4    000013b4    00000004   00000004    r-- .const:ti_sysbios_heaps_HeapMem_E_memory__C
  000013b8    000013b8    00000004   00000004    r-- .const:ti_sysbios_heaps_HeapMem_Module__gateObj__C
  000013bc    000013bc    00000004   00000004    r-- .const:ti_sysbios_heaps_HeapMem_Object__count__C
  000013c0    000013c0    00000004   00000004    r-- .const:ti_sysbios_heaps_HeapMem_Object__table__C
  000013c4    000013c4    00000004   00000004    r-- .const:ti_sysbios_heaps_HeapMem_reqAlign__C
  000013c8    000013c8    00000004   00000004    r-- .const:ti_sysbios_knl_Clock_serviceMargin__C
  000013cc    000013cc    00000004   00000004    r-- .const:ti_sysbios_knl_Mailbox_Object__count__C
  000013d0    000013d0    00000004   00000004    r-- .const:ti_sysbios_knl_Mailbox_Object__table__C
  000013d4    000013d4    00000004   00000004    r-- .const:ti_sysbios_knl_Mailbox_maxTypeAlign__C
  000013d8    000013d8    00000004   00000004    r-- .const:ti_sysbios_knl_Queue_Object__count__C
  000013dc    000013dc    00000004   00000004    r-- .const:ti_sysbios_knl_Queue_Object__table__C
  000013e0    000013e0    00000004   00000004    r-- .const:ti_sysbios_knl_Swi_Object__count__C
  000013e4    000013e4    00000004   00000004    r-- .const:ti_sysbios_knl_Swi_Object__table__C
  000013e8    000013e8    00000004   00000004    r-- .const:ti_sysbios_knl_Swi_numPriorities__C
  000013ec    000013ec    00000004   00000004    r-- .const:ti_sysbios_knl_Task_Object__count__C
  000013f0    000013f0    00000004   00000004    r-- .const:ti_sysbios_knl_Task_Object__table__C
  000013f4    000013f4    00000004   00000004    r-- .const:ti_sysbios_knl_Task_allBlockedFunc__C
  000013f8    000013f8    00000004   00000004    r-- .const:ti_sysbios_knl_Task_defaultStackHeap__C
  000013fc    000013fc    00000004   00000004    r-- .const:ti_sysbios_knl_Task_defaultStackSize__C
  00001400    00001400    00000004   00000004    r-- .const:ti_sysbios_knl_Task_numConstructedTasks__C
  00001406    00001406    00000002   00000002    r-- .const:ti_sysbios_family_arm_cc26xx_Timer_Module__id__C
  00001408    00001408    00000002   00000002    r-- .const:ti_sysbios_family_arm_cc26xx_TimestampProvider_useClockTimer__C
  0000140a    0000140a    00000002   00000002    r-- .const:ti_sysbios_family_arm_m3_Hwi_Module__id__C
  0000140c    0000140c    00000002   00000002    r-- .const:ti_sysbios_gates_GateHwi_Module__id__C
  0000140e    0000140e    00000002   00000002    r-- .const:ti_sysbios_gates_GateMutex_Module__id__C
  00001410    00001410    00000002   00000002    r-- .const:ti_sysbios_heaps_HeapMem_Module__id__C
  00001412    00001412    00000002   00000002    r-- .const:ti_sysbios_knl_Task_initStackFlag__C
  00001414    00001414    00000001   00000001    r-- .const:ti_sysbios_knl_Clock_tickMode__C
  00001418    00001418    00000008   00000008    r-- .const:xdc_runtime_Startup_firstFxns__C
  00001420    00001420    00000008   00000008    r-- .const:xdc_runtime_Startup_lastFxns__C
  00001428    00001428    00000004   00000004    r-- .const:xdc_runtime_Assert_E_assertFailed__C
  0000142c    0000142c    00000004   00000004    r-- .const:xdc_runtime_Error_E_memory__C
  00001430    00001430    00000004   00000004    r-- .const:xdc_runtime_Error_policyFxn__C
  00001434    00001434    00000004   00000004    r-- .const:xdc_runtime_IGateProvider_Interface__BASE__C
  00001438    00001438    00000004   00000004    r-- .const:xdc_runtime_IHeap_Interface__BASE__C
  0000143c    0000143c    00000004   00000004    r-- .const:xdc_runtime_IModule_Interface__BASE__C
  00001440    00001440    00000004   00000004    r-- .const:xdc_runtime_Main_Module__diagsEnabled__C
  00001444    00001444    00000004   00000004    r-- .const:xdc_runtime_Main_Module__diagsIncluded__C
  00001448    00001448    00000004   00000004    r-- .const:xdc_runtime_Main_Module__diagsMask__C
  0000144c    0000144c    00000004   00000004    r-- .const:xdc_runtime_Memory_defaultHeapInstance__C
  00001450    00001450    00000004   00000004    r-- .const:xdc_runtime_Startup_execImpl__C
  00001454    00001454    00000004   00000004    r-- .const:xdc_runtime_Startup_maxPasses__C
  00001458    00001458    00000004   00000004    r-- .const:xdc_runtime_Startup_sfxnRts__C
  0000145c    0000145c    00000004   00000004    r-- .const:xdc_runtime_Startup_sfxnTab__C
  00001460    00001460    00000004   00000004    r-- .const:xdc_runtime_Startup_startModsFxn__C
  00001464    00001464    00000004   00000004    r-- .const:xdc_runtime_SysCallback_abortFxn__C
  00001468    00001468    00000004   00000004    r-- .const:xdc_runtime_SysCallback_exitFxn__C
  0000146c    0000146c    00000004   00000004    r-- .const:xdc_runtime_System_abortFxn__C
  00001470    00001470    00000004   00000004    r-- .const:xdc_runtime_System_exitFxn__C
  00001474    00001474    00000004   00000004    r-- .const:xdc_runtime_System_maxAtexitHandlers__C
  00001478    00001478    00000004   00000004    r-- .const:xdc_runtime_Text_charTab__C
  0000147c    0000147c    00000004   00000004    r-- .const:xdc_runtime_Text_nameEmpty__C
  00001480    00001480    00000004   00000004    r-- .const:xdc_runtime_Text_nameStatic__C
  00001484    00001484    00000004   00000004    r-- .const:xdc_runtime_Text_nameUnknown__C
  00001488    00001488    00000002   00000002    r-- .const:xdc_runtime_Main_Module__id__C
  0000148a    0000148a    00000002   00000002    r-- .const:xdc_runtime_Memory_Module__id__C
  0000148c    0000148c    00000002   00000002    r-- .const:xdc_runtime_Text_charCnt__C
  0000148e    0000148e    00000002   00000002    r-- .const:xdc_runtime_Text_isLoaded__C
  00001490    00001490    00000001   00000001    r-- .const:xdc_runtime_Error_policy__C
  00001494    00001494    00000004   00000004    r-- .const:ti_sysbios_rom_ROM_AONRTCChannelEnable
  00001498    00001498    00000004   00000004    r-- .const:ti_sysbios_rom_ROM_AONRTCCompareValueSet
  0000149c    0000149c    00000004   00000004    r-- .const:ti_sysbios_rom_ROM_AONRTCCurrentCompareValueGet
  000014a0    000014a0    00000004   00000004    r-- .const:ti_sysbios_rom_ROM_AONRTCEventClear
  000014a4    000014a4    00000004   00000004    r-- .const:ti_sysbios_rom_ROM_ti_sysbios_family_arm_cc26xx_Timer_getCount64__E
  000014a8    000014a8    00000004   00000004    r-- .const:ti_sysbios_rom_ROM_ti_sysbios_family_arm_cc26xx_Timer_getCurrentTick__E
  000014ac    000014ac    00000004   00000004    r-- .const:ti_sysbios_rom_ROM_ti_sysbios_family_arm_cc26xx_Timer_getMaxTicks__E
  000014b0    000014b0    00000004   00000004    r-- .const:ti_sysbios_rom_ROM_ti_sysbios_family_arm_cc26xx_Timer_initDevice__I
  000014b4    000014b4    00000004   00000004    r-- .const:ti_sysbios_rom_ROM_ti_sysbios_family_arm_cc26xx_Timer_setNextTick__E
  000014b8    000014b8    00000004   00000004    r-- .const:ti_sysbios_rom_ROM_ti_sysbios_family_arm_cc26xx_Timer_setThreshold__I
  000014bc    000014bc    00000004   00000004    r-- .const:ti_sysbios_rom_ROM_ti_sysbios_family_arm_cc26xx_Timer_start__E
  000014c0    000014c0    00000004   00000004    r-- .const:ti_sysbios_rom_ROM_ti_sysbios_family_arm_cc26xx_TimestampProvider_get32__E
  000014c4    000014c4    00000004   00000004    r-- .const:ti_sysbios_rom_ROM_xdc_runtime_Startup_getState__I
  000014c8    000014c8    00000004   00000004    r-- .const:ti_sysbios_rom_ROM_xdc_runtime_System_SupportProxy_abort__E
  000014cc    000014cc    00000004   00000004    r-- .const:ti_sysbios_rom_ROM_xdc_runtime_System_SupportProxy_exit__E
  000014d0    000014d0    00000004   00000004    r-- .const:ti_sysbios_gates_GateMutex_Instance_State_sem__O
  000014d4    000014d4    00000004   00000004    r-- .const:ti_sysbios_knl_Clock_Module_State_clockQ__O
  000014d8    000014d8    00000004   00000004    r-- .const:ti_sysbios_knl_Mailbox_Instance_State_dataQue__O
  000014dc    000014dc    00000004   00000004    r-- .const:ti_sysbios_knl_Mailbox_Instance_State_dataSem__O
  000014e0    000014e0    00000004   00000004    r-- .const:ti_sysbios_knl_Mailbox_Instance_State_freeQue__O
  000014e4    000014e4    00000004   00000004    r-- .const:ti_sysbios_knl_Mailbox_Instance_State_freeSem__O
  000014e8    000014e8    00000004   00000004    r-- .const:ti_sysbios_knl_Semaphore_Instance_State_pendQ__O
  000014ec    000014ec    00000004   00000004    r-- .const:ti_sysbios_knl_Task_Module_State_inactiveQ__O
  000014f0    000014f0    00003e80   00003e80    r-x .text
0001ffa8    0001ffa8    00000058   00000058    r--
  0001ffa8    0001ffa8    00000058   00000058    r-- .ccfg
20000000    20000000    000000dc   00000000    rw-
  20000000    20000000    000000dc   00000000    rw- .vecs
20000100    20000100    000014e2   00000000    rw-
  20000100    20000100    00000044   00000000    rw- .data:ti_sysbios_knl_Task_Module__state__V
  20000144    20000144    00000034   00000000    rw- .data:ti_sysbios_family_arm_m3_Hwi_Module__state__V
  20000178    20000178    0000002c   00000000    rw- .data:ti_sysbios_knl_Clock_Module__state__V
  200001a4    200001a4    00000024   00000000    rw- .data:ti_sysbios_BIOS_Module__state__V
  200001c8    200001c8    0000001c   00000000    rw- .data:ti_sysbios_knl_Swi_Module__state__V
  200001e4    200001e4    00000008   00000000    rw- .data:ti_sysbios_family_arm_cc26xx_Timer_Module__state__V
  200001ec    200001ec    00000004   00000000    rw- .data:ti_sysbios_family_arm_cc26xx_TimestampProvider_Module__state__V
  200001f0    200001f0    00000008   00000000    rw- .data:xdc_runtime_Startup_Module__state__V
  200001f8    200001f8    00000008   00000000    rw- .data:xdc_runtime_System_Module__state__V
  20000200    20000200    00000004   00000000    rw- .data:xdc_runtime_Memory_Module__state__V
  20000208    20000208    00000fd2   00000000    rw- .bss
  200011e0    200011e0    00000402   00000000    rw- .data
20004e00    20004e00    00000200   00000000    rw-
  20004e00    20004e00    00000200   00000000    rw- .stack


SECTION ALLOCATION MAP

 output                                  attributes/
section   page    origin      length       input sections
--------  ----  ----------  ----------   ----------------
.const     0    0000003c    0000039c     
                  0000003c    00000278     smartrf_settings.obj (.const:patchImageGenfsk)
                  000002b4    0000004c     drivers_cc13xxware.aem3 : PowerCC26XX.oem3 (.const:resourceDB)
                  00000300    00000048     rfPacketTx_pem3.oem3 (.const:.string)
                  00000348    00000024     rfPacketTx_pem3.oem3 (.const:xdc_runtime_Startup_sfxnTab__A)
                  0000036c    0000001c     drivers_cc13xxware.aem3 : RF.oem3 (.const)
                  00000388    00000014     CC1310_LAUNCHXL.obj (.const)
                  0000039c    00000012     rfPacketTx_pem3.oem3 (.const:xdc_runtime_Startup_sfxnRts__A)
                  000003ae    00000001     rfPacketTx_pem3.oem3 (.const:xdc_runtime_Text_charTab__A)
                  000003af    00000001     --HOLE-- [fill = 0]
                  000003b0    0000000c     rfPacketTx_pem3.oem3 (.const:xdc_runtime_Startup_firstFxns__A)
                  000003bc    00000008     CC1310_LAUNCHXL.obj (.const:BoardGpioInitTable)
                  000003c4    00000008     CC1310_LAUNCHXL.obj (.const:PINCC26XX_hwAttrs)
                  000003cc    00000004     rfPacketTx_pem3.oem3 (.const:ti_sysbios_knl_Clock_tickPeriod__C)
                  000003d0    00000004     rfPacketTx_pem3.oem3 (.const:ti_sysbios_knl_Clock_triggerClock__C)
                  000003d4    00000004     rfPacketTx_pem3.oem3 (.const:ti_sysbios_knl_Idle_funcList__A)

.cinit     0    000003d8    000003f8     
                  000003d8    0000025a     (.cinit..data.load) [load image, compression = rle]
                  00000632    00000006     --HOLE-- [fill = 0]
                  00000638    0000002c     (.cinit..data:ti_sysbios_family_arm_m3_Hwi_Module__state__V.load) [load image, compression = rle]
                  00000664    00000004     --HOLE-- [fill = 0]
                  00000668    0000002c     (.cinit..data:ti_sysbios_knl_Task_Module__state__V.load) [load image, compression = rle]
                  00000694    00000004     --HOLE-- [fill = 0]
                  00000698    00000021     (.cinit..data:ti_sysbios_knl_Clock_Module__state__V.load) [load image, compression = rle]
                  000006b9    00000007     --HOLE-- [fill = 0]
                  000006c0    0000001f     (.cinit..data:ti_sysbios_BIOS_Module__state__V.load) [load image, compression = rle]
                  000006df    00000001     --HOLE-- [fill = 0]
                  000006e0    00000011     (.cinit..data:ti_sysbios_knl_Swi_Module__state__V.load) [load image, compression = rle]
                  000006f1    00000007     --HOLE-- [fill = 0]
                  000006f8    0000000d     (.cinit..data:ti_sysbios_family_arm_cc26xx_Timer_Module__state__V.load) [load image, compression = rle]
                  00000705    00000003     --HOLE-- [fill = 0]
                  00000708    0000000c     (__TI_handler_table)
                  00000714    00000004     --HOLE-- [fill = 0]
                  00000718    0000000a     (.cinit..data:xdc_runtime_Memory_Module__state__V.load) [load image, compression = rle]
                  00000722    00000006     --HOLE-- [fill = 0]
                  00000728    00000009     (.cinit..data:ti_sysbios_family_arm_cc26xx_TimestampProvider_Module__state__V.load) [load image, compression = rle]
                  00000731    00000007     --HOLE-- [fill = 0]
                  00000738    00000009     (.cinit..data:xdc_runtime_Startup_Module__state__V.load) [load image, compression = rle]
                  00000741    00000007     --HOLE-- [fill = 0]
                  00000748    00000009     (.cinit..data:xdc_runtime_System_Module__state__V.load) [load image, compression = rle]
                  00000751    00000007     --HOLE-- [fill = 0]
                  00000758    00000008     (.cinit..bss.load) [load image, compression = zero_init]
                  00000760    00000008     (.cinit..vecs.load) [load image, compression = zero_init]
                  00000768    00000068     (__TI_cinit_table)

.text      0    000014f0    00003e80     
                  000014f0    000003ac     driverlib.lib : setup.obj (.text:HapiTrimDeviceShutDown)
                  0000189c    000002fc     drivers_cc13xxware.aem3 : RF.oem3 (.text:fsmActiveState)
                  00001b98    00000230     driverlib.lib : sys_ctrl.obj (.text:SysCtrlSetRechargeBeforePowerDown)
                  00001dc8    00000228     drivers_cc13xxware.aem3 : PowerCC26XX.oem3 (.text:Power_sleep)
                  00001ff0    000001f4     rtsv7M3_T_le_eabi.lib : ull_div_t2.obj (.text)
                  000021e4    000001ec     drivers_cc13xxware.aem3 : PowerCC26XX_calibrateRCOSC.oem3 (.text:calibrateRcoscHf1)
                  000023d0    000001e0                             : PINCC26XX.oem3 (.text:PIN_init)
                  000025b0    00000198                             : PowerCC26XX_calibrateRCOSC.oem3 (.text:PowerCC26XX_doCalibrate)
                  00002748    00000184                             : RF.oem3 (.text:RF_postCmd)
                  000028cc    0000016c                             : RF.oem3 (.text:hwiFxnCpe0Active)
                  00002a38    00000148     rfPacketTx.obj (.text:txTaskFunction)
                  00002b80    00000128     drivers_cc13xxware.aem3 : PowerCC26XX.oem3 (.text:Power_init)
                  00002ca8    00000124                             : RF.oem3 (.text:fsmSetupState)
                  00002dcc    00000114                             : RF.oem3 (.text:rf_init)
                  00002ee0    000000d4     driverlib.lib : rfc.obj (.text:NOROM_RFCRfTrimRead)
                  00002fb4    000000d4     drivers_cc13xxware.aem3 : PowerCC26XX.oem3 (.text:Power_releaseDependency)
                  00003088    000000d0                             : PowerCC26XX.oem3 (.text:Power_setDependency)
                  00003158    000000c4                             : RF.oem3 (.text:fsmPowerUpState)
                  0000321c    000000bc     power_cc13xx_tirtos.aem3 : PowerCC26XX_tirtos.oem3 (.text:PowerCC26XX_standbyPolicy)
                  000032d8    000000bc     drivers_cc13xxware.aem3 : RF.oem3 (.text:RF_open)
                  00003394    000000bc                             : RF.oem3 (.text:RF_pendCmd)
                  00003450    000000b8                             : PINCC26XX.oem3 (.text:PINCC26XX_setIoCfg)
                  00003508    000000ac                             : RF.oem3 (.text:swiFxnHw)
                  000035b4    000000a0     auto_init.aem3 : auto_init.oem3 (.text)
                  00003654    000000a0     driverlib.lib : setup.obj (.text:trimDevice)
                  000036f4    0000009c     drivers_cc13xxware.aem3 : RF.oem3 (.text:fsmPowerDownState)
                  00003790    0000009c     rtsv7M3_T_le_eabi.lib : memcpy_t2.obj (.text)
                  0000382c    00000098     rom_sysbios.aem3 : rom_sysbios.obj (.text:ti_sysbios_knl_Clock_workFuncDynamic__E)
                  000038c4    00000094     drivers_cc13xxware.aem3 : PINCC26XX.oem3 (.text:PIN_open)
                  00003958    00000090                             : PowerCC26XX.oem3 (.text:switchXOSCHFclockFunc)
                  000039e8    0000008c                             : PowerCC26XX.oem3 (.text:disableLFClockQualifiers)
                  00003a74    00000088                             : PowerCC26XX_calibrateRCOSC.oem3 (.text:calibrateRcoscHf2)
                  00003afc    00000088     rfPacketTx.obj (.text:main)
                  00003b84    0000007a     rtsv7M3_T_le_eabi.lib : memset_t2.obj (.text)
                  00003bfe    00000002     drivers_cc13xxware.aem3 : PowerCC26XX.oem3 (.text:emptyClockFunc)
                  00003c00    00000070     driverlib.lib : chipinfo.obj (.text:ChipInfo_GetHwRevision)
                  00003c70    00000070                   : setup.obj (.text:SetVddrLevel)
                  00003ce0    0000006c     drivers_cc13xxware.aem3 : PowerCC26XX_calibrateRCOSC.oem3 (.text:PowerCC26XX_auxISR)
                  00003d4c    0000006c                             : PowerCC26XX.oem3 (.text:PowerCC26XX_calibrate)
                  00003db8    0000006a     rtsv7M3_T_le_eabi.lib : copy_decompress_rle.obj (.text)
                  00003e22    00000002     smartrf_settings.obj (.text:enterSysPatchGenfsk)
                  00003e24    00000068     driverlib.lib : setup.obj (.text:GetTrimForAmpcompCtrl)
                  00003e8c    00000068                   : setup.obj (.text:GetTrimForAnabypassValue1)
                  00003ef4    00000064                   : osc.obj (.text:OSCHF_AttemptToSwitchToXosc)
                  00003f58    00000064     drivers_cc13xxware.aem3 : RF.oem3 (.text:decActiveClientCnt)
                  00003fbc    00000064     rom_sysbios.aem3 : rom_sysbios.obj (.text:ti_sysbios_family_arm_cc26xx_Timer_start__E)
                  00004020    00000060     driverlib.lib : osc.obj (.text:NOROM_OSCClockSourceSet)
                  00004080    00000060                   : sys_ctrl.obj (.text:SysCtrl_DCDC_VoltageConditionalControl)
                  000040e0    00000060     rfPacketTx.obj (.text:TxTask_init)
                  00004140    00000060     drivers_cc13xxware.aem3 : PowerCC26XX_calibrateRCOSC.oem3 (.text:updateSubSecInc)
                  000041a0    0000005c                             : PowerCC26XX_calibrateRCOSC.oem3 (.text:PowerCC26XX_RCOSC_clockFunc)
                  000041fc    0000005c                             : RF.oem3 (.text:RF_getCurrentTime)
                  00004258    0000005c     driverlib.lib : sys_ctrl.obj (.text:SysCtrlAdjustRechargeAfterPowerDown)
                  000042b4    0000005c     drivers_cc13xxware.aem3 : RF.oem3 (.text:fsmPatchState)
                  00004310    0000005c     rfPacketTx_pem3.oem3 (.text:xdc_runtime_Startup_getState__I)
                  0000436c    00000058     drivers_cc13xxware.aem3 : PowerCC26XX_calibrateRCOSC.oem3 (.text:PowerCC26XX_initiateCalibration)
                  000043c4    00000058                             : RF.oem3 (.text:ratChanFree)
                  0000441c    00000054     smartrf_settings.obj (.text:configurePatchGenfsk)
                  00004470    00000054     drivers_cc13xxware.aem3 : PowerCC26XX.oem3 (.text:configureXOSCHF)
                  000044c4    00000054                             : RF.oem3 (.text:dispatchOpWhen)
                  00004518    00000054                             : RF.oem3 (.text:hwiFxnHw)
                  0000456c    00000050     driverlib.lib : setup.obj (.text:SetupCacheModeAccordingToCcfgSetting)
                  000045bc    00000050     drivers_cc13xxware.aem3 : RF.oem3 (.text:syncCb)
                  0000460c    0000004c     rtsv7M3_T_le_eabi.lib : cpy_tbl.obj (.text)
                  00004658    0000004c                           : rand.obj (.text)
                  000046a4    00000048     driverlib.lib : chipinfo.obj (.text:ChipInfo_GetChipFamily)
                  000046ec    00000048     drivers_cc13xxware.aem3 : PINCC26XX.oem3 (.text:PIN_swi)
                  00004734    00000048                             : RF.oem3 (.text:RF_runCmd)
                  0000477c    00000048                             : RF.oem3 (.text:fsmXOSCState)
                  000047c4    00000048                             : PowerCC26XX.oem3 (.text:notify)
                  0000480c    00000044     boot.aem3 : boot.oem3 (.text)
                  00004850    0000003c     driverlib.lib : rfc.obj (.text:NOROM_RFCSynthPowerDown)
                  0000488c    0000003c                   : osc.obj (.text:OSC_HPOSCRelativeFrequencyOffsetGet)
                  000048c8    0000003c     drivers_cc13xxware.aem3 : PINCC26XX.oem3 (.text:PIN_setOutputValue)
                  00004904    00000038     rom_sysbios.aem3 : rom_sysbios.obj (.text:ti_sysbios_family_arm_cc26xx_Timer_getCurrentTick__E)
                  0000493c    00000036     drivers_cc13xxware.aem3 : RF.oem3 (.text:updateImplicitState)
                  00004972    00000002     rfPacketTx_pem3.oem3 (.text:ti_sysbios_BIOS_nullFunc__I)
                  00004974    00000034     driverlib.lib : osc.obj (.text:OSCHF_SwitchToRcOscTurnOffXosc)
                  000049a8    00000034     drivers_cc13xxware.aem3 : PINCC26XX.oem3 (.text:PIN_setConfig)
                  000049dc    00000032     rom_sysbios.aem3 : rom_sysbios.obj (.text:ti_sysbios_family_arm_cc26xx_Timer_setNextTick__E)
                  00004a0e    00000002                      : rom_sysbios.obj (.text:ti_sysbios_knl_Clock_triggerFunc__I)
                  00004a10    00000030     drivers_cc13xxware.aem3 : PowerCC26XX.oem3 (.text:Power_releaseConstraint)
                  00004a40    00000030                             : PowerCC26XX.oem3 (.text:Power_setConstraint)
                  00004a70    00000030     driverlib.lib : setup.obj (.text:SetAonRtcSubSecInc)
                  00004aa0    00000030     rfPacketTx_pem3.oem3 (.text:ti_sysbios_BIOS_atExitFunc__I)
                  00004ad0    00000030     rom_sysbios.aem3 : rom_sysbios.obj (.text:ti_sysbios_family_arm_cc26xx_Timer_initDevice__I)
                  00004b00    00000030                      : rom_sysbios.obj (.text:ti_sysbios_family_arm_cc26xx_Timer_setThreshold__I)
                  00004b30    0000002c     driverlib.lib : osc.obj (.text:NOROM_OSCClockSourceGet)
                  00004b5c    0000002c     drivers_cc13xxware.aem3 : RF.oem3 (.text:Q_push)
                  00004b88    0000002c     rom_sysbios.aem3 : rom_sysbios.obj (.text:ti_sysbios_knl_Clock_getTicksUntilInterrupt__E)
                  00004bb4    00000028     driverlib.lib : aon_batmon.obj (.text:AONBatMonTemperatureGetDegC)
                  00004bdc    00000028                   : setup.obj (.text:GetTrimForRadcExtCfg)
                  00004c04    00000028                   : adi.obj (.text:SafeHapiVoid)
                  00004c2c    00000028     rom_sysbios.aem3 : rom_sysbios.obj (.text:ti_sysbios_family_arm_cc26xx_Timer_getMaxTicks__E)
                  00004c54    00000024     drivers_cc13xxware.aem3 : PowerCC26XX_calibrateRCOSC.oem3 (.text:getTdcSemaphore)
                  00004c78    00000024                             : RF.oem3 (.text:hwiFxnCpe0PowerFsm)
                  00004c9c    00000024     rfPacketTx_pem3.oem3 (.text:ti_sysbios_BIOS_registerRTSLock__I)
                  00004cc0    00000024     rfPacketTx_pem3.oem3 (.text:ti_sysbios_BIOS_removeRTSLock__I)
                  00004ce4    00000024     rfPacketTx_pem3.oem3 (.text:ti_sysbios_BIOS_startFunc__I)
                  00004d08    00000020     driverlib.lib : setup.obj (.text:GetTrimForXoscHfCtl)
                  00004d28    00000020                   : rfc.obj (.text:NOROM_RFCDoorbellSendTo)
                  00004d48    00000020     drivers_cc13xxware.aem3 : RF.oem3 (.text:applyExtraAdi3VcoLdoVoltageModeOverrideCC13xx)
                  00004d68    00000020     rfPacketTx_pem3.oem3 (.text:ti_sysbios_BIOS_rtsLock__I)
                  00004d88    00000020     rom_sysbios.aem3 : rom_sysbios.obj (.text:ti_sysbios_knl_Clock_stop__E)
                  00004da8    0000001e     drivers_cc13xxware.aem3 : PowerCC26XX.oem3 (.text:Power_getTransitionLatency)
                  00004dc6    00000002     rfPacketTx_pem3.oem3 (.text:ti_sysbios_rom_cortexm_cc13xx_CC13xx_badRomRevision__E)
                  00004dc8    0000001c     driverlib.lib : setup.obj (.text:GetTrimForAmpcompTh2)
                  00004de4    0000001c                   : setup.obj (.text:GetTrimForRcOscLfRtuneCtuneTrim)
                  00004e00    0000001c     drivers_cc13xxware.aem3 : PINCC26XX.oem3 (.text:PINCC26XX_setIoCfgMux)
                  00004e1c    0000001c                             : PINCC26XX.oem3 (.text:PIN_hwi)
                  00004e38    0000001c                             : PowerCC26XX.oem3 (.text:Power_idleFunc)
                  00004e54    0000001c                             : RF.oem3 (.text:clkPowerUpFxn)
                  00004e70    0000001c     smartrf_settings.obj (.text:enterCpePatchGenfsk)
                  00004e8c    0000001c     rom_sysbios.aem3 : rom_sysbios.obj (.text:ti_sysbios_family_arm_cc26xx_Timer_dynamicStub__E)
                  00004ea8    00000018     driverlib.lib : chipinfo.obj (.text:ChipInfo_GetPackageType)
                  00004ec0    00000018                   : setup.obj (.text:GetTrimForAdcShModeEn)
                  00004ed8    00000018                   : setup.obj (.text:GetTrimForAdcShVbufEn)
                  00004ef0    00000018                   : setup.obj (.text:GetTrimForAmpcompTh1)
                  00004f08    00000018                   : setup.obj (.text:GetTrimForDblrLoopFilterResetVoltage)
                  00004f20    00000018                   : setup.obj (.text:GetTrimForRcOscLfIBiasTrim)
                  00004f38    00000018                   : setup.obj (.text:GetTrimForXoscLfRegulatorAndCmirrwrRatio)
                  00004f50    00000018                   : aon_rtc.obj (.text:NOROM_AONRTCCurrentCompareValueGet)
                  00004f68    00000018                   : rfc.obj (.text:NOROM_RFCCpeIntGetAndClear)
                  00004f80    00000018                   : osc.obj (.text:OSCHF_TurnOnXosc)
                  00004f98    00000018     drivers_cc13xxware.aem3 : RF.oem3 (.text:Q_pop)
                  00004fb0    00000018                             : PowerCC26XX.oem3 (.text:configureRFCoreClocks)
                  00004fc8    00000018     rtsv7M3_T_le_eabi.lib : args_main.obj (.text)
                  00004fe0    00000018                           : ll_mul_t2.obj (.text)
                  00004ff8    00000018     drivers_cc13xxware.aem3 : RF.oem3 (.text:swiFxnFsm)
                  00005010    00000018     rfPacketTx_pem3.oem3 (.text:ti_sysbios_BIOS_rtsUnlock__I)
                  00005028    00000018     rom_sysbios.aem3 : rom_sysbios.obj (.text:ti_sysbios_knl_Swi_or__E)
                  00005040    00000018     rfPacketTx_pem3.oem3 (.text:ti_sysbios_rom_cortexm_cc13xx_CC13xx_checkRevision__E)
                  00005058    00000016     driverlib.lib : chipinfo.obj (.text:ThisCodeIsBuiltForCC13xxHwRev20AndLater_HaltIfViolated)
                  0000506e    00000016     rfPacketTx_pem3.oem3 (.text:ti_sysbios_BIOS_exitFunc__I)
                  00005084    00000016     rfPacketTx.obj (.text:ti_sysbios_knl_Task_Params_init)
                  0000509a    00000002     rom_sysbios.aem3 : rom_sysbios.obj (.text:xdc_runtime_SysCallback_defaultAbort)
                  0000509c    00000014     driverlib.lib : aon_rtc.obj (.text:NOROM_AONRTCCurrent64BitValueGet)
                  000050b0    00000014     drivers_cc13xxware.aem3 : PINCC26XX.oem3 (.text:PINCC26XX_getOutputValue)
                  000050c4    00000014     rtsv7M3_T_le_eabi.lib : _lock.obj (.text)
                  000050d8    00000014     rfPacketTx_pem3.oem3 (.text:ti_sysbios_knl_Clock_doTick__I)
                  000050ec    00000012     rfPacketTx_pem3.oem3 (.text:xdc_runtime_Startup_exec__I)
                  000050fe    00000002     rom_sysbios.aem3 : rom_sysbios.obj (.text:xdc_runtime_SysCallback_defaultExit)
                  00005100    00000010     drivers_cc13xxware.aem3 : RF.oem3 (.text:FsmDispatch)
                  00005110    00000010     driverlib.lib : setup.obj (.text:GetTrimForXoscHfFastStart)
                  00005120    00000010                   : setup.obj (.text:GetTrimForXoscHfIbiastherm)
                  00005130    00000010                   : rfc.obj (.text:NOROM_RFCRfTrimSet)
                  00005140    00000010     drivers_cc13xxware.aem3 : RF.oem3 (.text:RF_Params_init)
                  00005150    00000010     smartrf_settings.obj (.text:rf_patch_cpe_genfsk)
                  00005160    00000010     rom_sysbios.aem3 : rom_sysbios.obj (.text:ti_sysbios_family_arm_m3_Hwi_post__E)
                  00005170    0000000e     driverlib.lib : vims.obj (.text:NOROM_VIMSModeGet)
                  0000517e    0000000e                   : setup.obj (.text:SignExtendVddrTrimValue)
                  0000518c    0000000e     rtsv7M3_T_le_eabi.lib : copy_decompress_none.obj (.text:decompress:none)
                  0000519a    0000000e     rom_sysbios.aem3 : rom_sysbios.obj (.text:ti_sysbios_family_arm_cc26xx_TimestampProvider_get32__E)
                  000051a8    0000000c     drivers_cc13xxware.aem3 : RF.oem3 (.text:FsmNextState)
                  000051b4    0000000c     driverlib.lib : cpu.obj (.text:NOROM_CPUcpsid)
                  000051c0    0000000c                   : cpu.obj (.text:NOROM_CPUcpsie)
                  000051cc    0000000c     drivers_cc13xxware.aem3 : PowerCC26XX.oem3 (.text:Power_getConstraintMask)
                  000051d8    0000000c                             : PowerCC26XX.oem3 (.text:Power_getDependencyCount)
                  000051e4    0000000c     rtsv7M3_T_le_eabi.lib : copy_zero_init.obj (.text:decompress:ZI)
                  000051f0    0000000c     rom_sysbios.aem3 : rom_sysbios.obj (.text:ti_sysbios_knl_Swi_getTrigger__E)
                  000051fc    0000000c     rfPacketTx_pem3.oem3 (.text:xdc_runtime_Startup_reset__I)
                  00005208    0000000a     drivers_cc13xxware.aem3 : List.oem3 (.text:List_empty)
                  00005212    00000006     rom_sysbios.aem3 : rom_sysbios.obj (.text:__xdc__init)
                  00005218    00000006     drivers_cc13xxware.aem3 : RF.oem3 (.text:clkInactivityFxn)
                  0000521e    00000006     rtsv7M3_T_le_eabi.lib : copy_decompress_rle.obj (.text:decompress:rle24)
                  00005224    00000006     rom_sysbios.aem3 : rom_sysbios.obj (.text:ti_sysbios_family_arm_m3_Hwi_setFunc__E)
                  0000522a    00000004     drivers_cc13xxware.aem3 : List.oem3 (.text:List_head)
                  0000522e    00000004                             : List.oem3 (.text:List_next)
                  00005232    00000004                             : RF.oem3 (.text:Q_peek)
                  00005236    00000004                             : PowerCC26XX.oem3 (.text:nopResourceHandler)
                  0000523a    00000004     rom_sysbios.aem3 : rom_sysbios.obj (.text:ti_sysbios_family_arm_cc26xx_Timer_getCount64__E)
                  0000523e    00000002     --HOLE-- [fill = 0]
                  00005240    00000008     (.tramp.xdc_runtime_Startup_startMods__I.1)
                  00005248    00000008     (.tramp.ti_sysbios_knl_Clock_logTick__E.1)
                  00005250    00000008     (.tramp.ti_sysbios_knl_Task_Params__init__S.1)
                  00005258    00000008     (.tramp.ti_sysbios_knl_Swi_post__E.1)
                  00005260    00000008     (.tramp.ti_sysbios_BIOS_RtsGateProxy_leave__E.1)
                  00005268    00000008     (.tramp.ti_sysbios_BIOS_RtsGateProxy_enter__E.1)
                  00005270    00000008     (.tramp.ti_sysbios_knl_Task_startup__E.1)
                  00005278    00000008     (.tramp.ti_sysbios_knl_Swi_startup__E.1)
                  00005280    00000008     (.tramp.ti_sysbios_hal_Hwi_HwiProxy_startup__E.1)
                  00005288    00000008     (.tramp.ti_sysbios_family_arm_cc26xx_Timer_startup__E.1)
                  00005290    00000008     (.tramp.xdc_runtime_System_atexit__E.1)
                  00005298    00000008     (.tramp.ti_sysbios_BIOS_setThreadType__E.1)
                  000052a0    00000008     (.tramp.xdc_runtime_System_exit__E.1)
                  000052a8    00000008     (.tramp.ti_sysbios_knl_Task_construct.1)
                  000052b0    00000008     (.tramp.ti_sysbios_BIOS_start__E.1)
                  000052b8    00000008     (.tramp.xdc_runtime_System_abort__E.1)
                  000052c0    00000008     (.tramp.ti_sysbios_knl_Clock_scheduleNextTick__E.1)
                  000052c8    00000008     (.tramp.ti_sysbios_knl_Clock_walkQueueDynamic__E.1)
                  000052d0    00000008     (.tramp.ti_sysbios_knl_Clock_TimerProxy_getCurrentTick__E.1)
                  000052d8    00000008     (.tramp.ti_sysbios_knl_Semaphore_post__E.1)
                  000052e0    00000008     (.tramp.ti_sysbios_knl_Semaphore_pend__E.1)
                  000052e8    00000008     (.tramp.ti_sysbios_family_arm_m3_Hwi_enableInterrupt__E.1)
                  000052f0    00000008     (.tramp.ti_sysbios_knl_Clock_construct.1)
                  000052f8    00000008     (.tramp.ti_sysbios_knl_Clock_Params__init__S.1)
                  00005300    00000008     (.tramp.ti_sysbios_knl_Swi_construct.1)
                  00005308    00000008     (.tramp.ti_sysbios_knl_Swi_Params__init__S.1)
                  00005310    00000008     (.tramp.ti_sysbios_family_arm_m3_Hwi_construct.1)
                  00005318    00000008     (.tramp.ti_sysbios_family_arm_m3_Hwi_Params__init__S.1)
                  00005320    00000008     (.tramp.ti_sysbios_knl_Semaphore_construct.1)
                  00005328    00000008     (.tramp.ti_sysbios_knl_Semaphore_Params__init__S.1)
                  00005330    00000008     (.tramp.ti_sysbios_knl_Task_restore__E.1)
                  00005338    00000008     (.tramp.ti_sysbios_knl_Swi_restore__E.1)
                  00005340    00000008     (.tramp.ti_sysbios_knl_Swi_disable__E.1)
                  00005348    00000008     (.tramp.ti_sysbios_knl_Task_disable__E.1)
                  00005350    00000008     (.tramp.ti_sysbios_knl_Clock_start__E.1)
                  00005358    00000008     (.tramp.ti_sysbios_knl_Clock_setTimeout__E.1)
                  00005360    00000008     (.tramp.ti_sysbios_family_arm_m3_Hwi_restoreFxn__E.1)
                  00005368    00000008     (.tramp.ti_sysbios_family_arm_m3_Hwi_disableFxn__E.1)

.init_array 
*          0    00000000    00000000     UNINITIALIZED

.resetVecs 
*          0    00000000    0000003c     
                  00000000    0000003c     rfPacketTx_pem3.oem3 (.resetVecs)

.const:ti_sysbios_knl_Task_Object__PARAMS__C 
*          0    00001000    0000003c     
                  00001000    0000003c     rfPacketTx_pem3.oem3 (.const:ti_sysbios_knl_Task_Object__PARAMS__C)

.const:ti_sysbios_knl_Mailbox_Object__PARAMS__C 
*          0    0000103c    00000034     
                  0000103c    00000034     rfPacketTx_pem3.oem3 (.const:ti_sysbios_knl_Mailbox_Object__PARAMS__C)

.const:ti_sysbios_family_arm_m3_Hwi_Object__PARAMS__C 
*          0    00001070    00000030     
                  00001070    00000030     rfPacketTx_pem3.oem3 (.const:ti_sysbios_family_arm_m3_Hwi_Object__PARAMS__C)

.const:ti_sysbios_hal_Hwi_Object__PARAMS__C 
*          0    000010a0    0000002c     
                  000010a0    0000002c     rfPacketTx_pem3.oem3 (.const:ti_sysbios_hal_Hwi_Object__PARAMS__C)

.const:ti_sysbios_heaps_HeapMem_Module__FXNS__C 
*          0    000010cc    00000028     
                  000010cc    00000028     rfPacketTx_pem3.oem3 (.const:ti_sysbios_heaps_HeapMem_Module__FXNS__C)

.const:ti_sysbios_knl_Swi_Object__PARAMS__C 
*          0    000010f4    00000028     
                  000010f4    00000028     rfPacketTx_pem3.oem3 (.const:ti_sysbios_knl_Swi_Object__PARAMS__C)

.const:ti_sysbios_gates_GateHwi_Module__FXNS__C 
*          0    0000111c    00000024     
                  0000111c    00000024     rfPacketTx_pem3.oem3 (.const:ti_sysbios_gates_GateHwi_Module__FXNS__C)

.const:ti_sysbios_gates_GateMutex_Module__FXNS__C 
*          0    00001140    00000024     
                  00001140    00000024     rfPacketTx_pem3.oem3 (.const:ti_sysbios_gates_GateMutex_Module__FXNS__C)

.const:ti_sysbios_heaps_HeapMem_Object__PARAMS__C 
*          0    00001164    00000024     
                  00001164    00000024     rfPacketTx_pem3.oem3 (.const:ti_sysbios_heaps_HeapMem_Object__PARAMS__C)

.const:ti_sysbios_knl_Clock_Object__PARAMS__C 
*          0    00001188    00000024     
                  00001188    00000024     rfPacketTx_pem3.oem3 (.const:ti_sysbios_knl_Clock_Object__PARAMS__C)

.const:ti_sysbios_knl_Semaphore_Object__PARAMS__C 
*          0    000011ac    00000024     
                  000011ac    00000024     rfPacketTx_pem3.oem3 (.const:ti_sysbios_knl_Semaphore_Object__PARAMS__C)

.const:ti_sysbios_family_arm_m3_Hwi_Object__DESC__C 
*          0    000011d0    00000020     
                  000011d0    00000020     rfPacketTx_pem3.oem3 (.const:ti_sysbios_family_arm_m3_Hwi_Object__DESC__C)

.const:ti_sysbios_gates_GateHwi_Object__DESC__C 
*          0    000011f0    00000020     
                  000011f0    00000020     rfPacketTx_pem3.oem3 (.const:ti_sysbios_gates_GateHwi_Object__DESC__C)

.const:ti_sysbios_gates_GateMutex_Object__DESC__C 
*          0    00001210    00000020     
                  00001210    00000020     rfPacketTx_pem3.oem3 (.const:ti_sysbios_gates_GateMutex_Object__DESC__C)

.const:ti_sysbios_hal_Hwi_Object__DESC__C 
*          0    00001230    00000020     
                  00001230    00000020     rfPacketTx_pem3.oem3 (.const:ti_sysbios_hal_Hwi_Object__DESC__C)

.const:ti_sysbios_heaps_HeapMem_Object__DESC__C 
*          0    00001250    00000020     
                  00001250    00000020     rfPacketTx_pem3.oem3 (.const:ti_sysbios_heaps_HeapMem_Object__DESC__C)

.const:ti_sysbios_knl_Clock_Object__DESC__C 
*          0    00001270    00000020     
                  00001270    00000020     rfPacketTx_pem3.oem3 (.const:ti_sysbios_knl_Clock_Object__DESC__C)

.const:ti_sysbios_knl_Mailbox_Object__DESC__C 
*          0    00001290    00000020     
                  00001290    00000020     rfPacketTx_pem3.oem3 (.const:ti_sysbios_knl_Mailbox_Object__DESC__C)

.const:ti_sysbios_knl_Queue_Object__DESC__C 
*          0    000012b0    00000020     
                  000012b0    00000020     rfPacketTx_pem3.oem3 (.const:ti_sysbios_knl_Queue_Object__DESC__C)

.const:ti_sysbios_knl_Semaphore_Object__DESC__C 
*          0    000012d0    00000020     
                  000012d0    00000020     rfPacketTx_pem3.oem3 (.const:ti_sysbios_knl_Semaphore_Object__DESC__C)

.const:ti_sysbios_knl_Swi_Object__DESC__C 
*          0    000012f0    00000020     
                  000012f0    00000020     rfPacketTx_pem3.oem3 (.const:ti_sysbios_knl_Swi_Object__DESC__C)

.const:ti_sysbios_knl_Task_Object__DESC__C 
*          0    00001310    00000020     
                  00001310    00000020     rfPacketTx_pem3.oem3 (.const:ti_sysbios_knl_Task_Object__DESC__C)

.const:ti_sysbios_gates_GateHwi_Object__PARAMS__C 
*          0    00001330    00000018     
                  00001330    00000018     rfPacketTx_pem3.oem3 (.const:ti_sysbios_gates_GateHwi_Object__PARAMS__C)

.const:ti_sysbios_gates_GateMutex_Object__PARAMS__C 
*          0    00001348    00000018     
                  00001348    00000018     rfPacketTx_pem3.oem3 (.const:ti_sysbios_gates_GateMutex_Object__PARAMS__C)

.const:ti_sysbios_knl_Queue_Object__PARAMS__C 
*          0    00001360    00000018     
                  00001360    00000018     rfPacketTx_pem3.oem3 (.const:ti_sysbios_knl_Queue_Object__PARAMS__C)

.const:ti_sysbios_knl_Idle_funcList__C 
*          0    00001378    00000008     
                  00001378    00000008     rfPacketTx_pem3.oem3 (.const:ti_sysbios_knl_Idle_funcList__C)

.const:ti_sysbios_family_arm_cc26xx_Timer_startupNeeded__C 
*          0    00001384    00000004     
                  00001384    00000004     rfPacketTx_pem3.oem3 (.const:ti_sysbios_family_arm_cc26xx_Timer_startupNeeded__C)

.const:ti_sysbios_family_arm_m3_Hwi_E_alreadyDefined__C 
*          0    00001388    00000004     
                  00001388    00000004     rfPacketTx_pem3.oem3 (.const:ti_sysbios_family_arm_m3_Hwi_E_alreadyDefined__C)

.const:ti_sysbios_family_arm_m3_Hwi_E_hwiLimitExceeded__C 
*          0    0000138c    00000004     
                  0000138c    00000004     rfPacketTx_pem3.oem3 (.const:ti_sysbios_family_arm_m3_Hwi_E_hwiLimitExceeded__C)

.const:ti_sysbios_family_arm_m3_Hwi_NUM_INTERRUPTS__C 
*          0    00001390    00000004     
                  00001390    00000004     rfPacketTx_pem3.oem3 (.const:ti_sysbios_family_arm_m3_Hwi_NUM_INTERRUPTS__C)

.const:ti_sysbios_family_arm_m3_Hwi_Object__count__C 
*          0    00001394    00000004     
                  00001394    00000004     rfPacketTx_pem3.oem3 (.const:ti_sysbios_family_arm_m3_Hwi_Object__count__C)

.const:ti_sysbios_family_arm_m3_Hwi_Object__table__C 
*          0    00001398    00000004     
                  00001398    00000004     rfPacketTx_pem3.oem3 (.const:ti_sysbios_family_arm_m3_Hwi_Object__table__C)

.const:ti_sysbios_family_arm_m3_Hwi_ccr__C 
*          0    0000139c    00000004     
                  0000139c    00000004     rfPacketTx_pem3.oem3 (.const:ti_sysbios_family_arm_m3_Hwi_ccr__C)

.const:ti_sysbios_family_arm_m3_Hwi_excHandlerFunc__C 
*          0    000013a0    00000004     
                  000013a0    00000004     rfPacketTx_pem3.oem3 (.const:ti_sysbios_family_arm_m3_Hwi_excHandlerFunc__C)

.const:ti_sysbios_family_arm_m3_Hwi_nullIsrFunc__C 
*          0    000013a4    00000004     
                  000013a4    00000004     rfPacketTx_pem3.oem3 (.const:ti_sysbios_family_arm_m3_Hwi_nullIsrFunc__C)

.const:ti_sysbios_family_arm_m3_Hwi_numSparseInterrupts__C 
*          0    000013a8    00000004     
                  000013a8    00000004     rfPacketTx_pem3.oem3 (.const:ti_sysbios_family_arm_m3_Hwi_numSparseInterrupts__C)

.const:ti_sysbios_family_arm_m3_Hwi_priGroup__C 
*          0    000013ac    00000004     
                  000013ac    00000004     rfPacketTx_pem3.oem3 (.const:ti_sysbios_family_arm_m3_Hwi_priGroup__C)

.const:ti_sysbios_family_arm_m3_TaskSupport_stackAlignment__C 
*          0    000013b0    00000004     
                  000013b0    00000004     rfPacketTx_pem3.oem3 (.const:ti_sysbios_family_arm_m3_TaskSupport_stackAlignment__C)

.const:ti_sysbios_heaps_HeapMem_E_memory__C 
*          0    000013b4    00000004     
                  000013b4    00000004     rfPacketTx_pem3.oem3 (.const:ti_sysbios_heaps_HeapMem_E_memory__C)

.const:ti_sysbios_heaps_HeapMem_Module__gateObj__C 
*          0    000013b8    00000004     
                  000013b8    00000004     rfPacketTx_pem3.oem3 (.const:ti_sysbios_heaps_HeapMem_Module__gateObj__C)

.const:ti_sysbios_heaps_HeapMem_Object__count__C 
*          0    000013bc    00000004     
                  000013bc    00000004     rfPacketTx_pem3.oem3 (.const:ti_sysbios_heaps_HeapMem_Object__count__C)

.const:ti_sysbios_heaps_HeapMem_Object__table__C 
*          0    000013c0    00000004     
                  000013c0    00000004     rfPacketTx_pem3.oem3 (.const:ti_sysbios_heaps_HeapMem_Object__table__C)

.const:ti_sysbios_heaps_HeapMem_reqAlign__C 
*          0    000013c4    00000004     
                  000013c4    00000004     rfPacketTx_pem3.oem3 (.const:ti_sysbios_heaps_HeapMem_reqAlign__C)

.const:ti_sysbios_knl_Clock_serviceMargin__C 
*          0    000013c8    00000004     
                  000013c8    00000004     rfPacketTx_pem3.oem3 (.const:ti_sysbios_knl_Clock_serviceMargin__C)

.const:ti_sysbios_knl_Mailbox_Object__count__C 
*          0    000013cc    00000004     
                  000013cc    00000004     rfPacketTx_pem3.oem3 (.const:ti_sysbios_knl_Mailbox_Object__count__C)

.const:ti_sysbios_knl_Mailbox_Object__table__C 
*          0    000013d0    00000004     
                  000013d0    00000004     rfPacketTx_pem3.oem3 (.const:ti_sysbios_knl_Mailbox_Object__table__C)

.const:ti_sysbios_knl_Mailbox_maxTypeAlign__C 
*          0    000013d4    00000004     
                  000013d4    00000004     rfPacketTx_pem3.oem3 (.const:ti_sysbios_knl_Mailbox_maxTypeAlign__C)

.const:ti_sysbios_knl_Queue_Object__count__C 
*          0    000013d8    00000004     
                  000013d8    00000004     rfPacketTx_pem3.oem3 (.const:ti_sysbios_knl_Queue_Object__count__C)

.const:ti_sysbios_knl_Queue_Object__table__C 
*          0    000013dc    00000004     
                  000013dc    00000004     rfPacketTx_pem3.oem3 (.const:ti_sysbios_knl_Queue_Object__table__C)

.const:ti_sysbios_knl_Swi_Object__count__C 
*          0    000013e0    00000004     
                  000013e0    00000004     rfPacketTx_pem3.oem3 (.const:ti_sysbios_knl_Swi_Object__count__C)

.const:ti_sysbios_knl_Swi_Object__table__C 
*          0    000013e4    00000004     
                  000013e4    00000004     rfPacketTx_pem3.oem3 (.const:ti_sysbios_knl_Swi_Object__table__C)

.const:ti_sysbios_knl_Swi_numPriorities__C 
*          0    000013e8    00000004     
                  000013e8    00000004     rfPacketTx_pem3.oem3 (.const:ti_sysbios_knl_Swi_numPriorities__C)

.const:ti_sysbios_knl_Task_Object__count__C 
*          0    000013ec    00000004     
                  000013ec    00000004     rfPacketTx_pem3.oem3 (.const:ti_sysbios_knl_Task_Object__count__C)

.const:ti_sysbios_knl_Task_Object__table__C 
*          0    000013f0    00000004     
                  000013f0    00000004     rfPacketTx_pem3.oem3 (.const:ti_sysbios_knl_Task_Object__table__C)

.const:ti_sysbios_knl_Task_allBlockedFunc__C 
*          0    000013f4    00000004     
                  000013f4    00000004     rfPacketTx_pem3.oem3 (.const:ti_sysbios_knl_Task_allBlockedFunc__C)

.const:ti_sysbios_knl_Task_defaultStackHeap__C 
*          0    000013f8    00000004     
                  000013f8    00000004     rfPacketTx_pem3.oem3 (.const:ti_sysbios_knl_Task_defaultStackHeap__C)

.const:ti_sysbios_knl_Task_defaultStackSize__C 
*          0    000013fc    00000004     
                  000013fc    00000004     rfPacketTx_pem3.oem3 (.const:ti_sysbios_knl_Task_defaultStackSize__C)

.const:ti_sysbios_knl_Task_numConstructedTasks__C 
*          0    00001400    00000004     
                  00001400    00000004     rfPacketTx_pem3.oem3 (.const:ti_sysbios_knl_Task_numConstructedTasks__C)

.const:ti_sysbios_family_arm_cc26xx_Timer_Module__id__C 
*          0    00001406    00000002     
                  00001406    00000002     rfPacketTx_pem3.oem3 (.const:ti_sysbios_family_arm_cc26xx_Timer_Module__id__C)

.const:ti_sysbios_family_arm_cc26xx_TimestampProvider_useClockTimer__C 
*          0    00001408    00000002     
                  00001408    00000002     rfPacketTx_pem3.oem3 (.const:ti_sysbios_family_arm_cc26xx_TimestampProvider_useClockTimer__C)

.const:ti_sysbios_family_arm_m3_Hwi_Module__id__C 
*          0    0000140a    00000002     
                  0000140a    00000002     rfPacketTx_pem3.oem3 (.const:ti_sysbios_family_arm_m3_Hwi_Module__id__C)

.const:ti_sysbios_gates_GateHwi_Module__id__C 
*          0    0000140c    00000002     
                  0000140c    00000002     rfPacketTx_pem3.oem3 (.const:ti_sysbios_gates_GateHwi_Module__id__C)

.const:ti_sysbios_gates_GateMutex_Module__id__C 
*          0    0000140e    00000002     
                  0000140e    00000002     rfPacketTx_pem3.oem3 (.const:ti_sysbios_gates_GateMutex_Module__id__C)

.const:ti_sysbios_heaps_HeapMem_Module__id__C 
*          0    00001410    00000002     
                  00001410    00000002     rfPacketTx_pem3.oem3 (.const:ti_sysbios_heaps_HeapMem_Module__id__C)

.const:ti_sysbios_knl_Task_initStackFlag__C 
*          0    00001412    00000002     
                  00001412    00000002     rfPacketTx_pem3.oem3 (.const:ti_sysbios_knl_Task_initStackFlag__C)

.const:ti_sysbios_knl_Clock_tickMode__C 
*          0    00001414    00000001     
                  00001414    00000001     rfPacketTx_pem3.oem3 (.const:ti_sysbios_knl_Clock_tickMode__C)

.const:xdc_runtime_Startup_firstFxns__C 
*          0    00001418    00000008     
                  00001418    00000008     rfPacketTx_pem3.oem3 (.const:xdc_runtime_Startup_firstFxns__C)

.const:xdc_runtime_Startup_lastFxns__C 
*          0    00001420    00000008     
                  00001420    00000008     rfPacketTx_pem3.oem3 (.const:xdc_runtime_Startup_lastFxns__C)

.const:xdc_runtime_Assert_E_assertFailed__C 
*          0    00001428    00000004     
                  00001428    00000004     rfPacketTx_pem3.oem3 (.const:xdc_runtime_Assert_E_assertFailed__C)

.const:xdc_runtime_Error_E_memory__C 
*          0    0000142c    00000004     
                  0000142c    00000004     rfPacketTx_pem3.oem3 (.const:xdc_runtime_Error_E_memory__C)

.const:xdc_runtime_Error_policyFxn__C 
*          0    00001430    00000004     
                  00001430    00000004     rfPacketTx_pem3.oem3 (.const:xdc_runtime_Error_policyFxn__C)

.const:xdc_runtime_IGateProvider_Interface__BASE__C 
*          0    00001434    00000004     
                  00001434    00000004     rfPacketTx_pem3.oem3 (.const:xdc_runtime_IGateProvider_Interface__BASE__C)

.const:xdc_runtime_IHeap_Interface__BASE__C 
*          0    00001438    00000004     
                  00001438    00000004     rfPacketTx_pem3.oem3 (.const:xdc_runtime_IHeap_Interface__BASE__C)

.const:xdc_runtime_IModule_Interface__BASE__C 
*          0    0000143c    00000004     
                  0000143c    00000004     rfPacketTx_pem3.oem3 (.const:xdc_runtime_IModule_Interface__BASE__C)

.const:xdc_runtime_Main_Module__diagsEnabled__C 
*          0    00001440    00000004     
                  00001440    00000004     rfPacketTx_pem3.oem3 (.const:xdc_runtime_Main_Module__diagsEnabled__C)

.const:xdc_runtime_Main_Module__diagsIncluded__C 
*          0    00001444    00000004     
                  00001444    00000004     rfPacketTx_pem3.oem3 (.const:xdc_runtime_Main_Module__diagsIncluded__C)

.const:xdc_runtime_Main_Module__diagsMask__C 
*          0    00001448    00000004     
                  00001448    00000004     rfPacketTx_pem3.oem3 (.const:xdc_runtime_Main_Module__diagsMask__C)

.const:xdc_runtime_Memory_defaultHeapInstance__C 
*          0    0000144c    00000004     
                  0000144c    00000004     rfPacketTx_pem3.oem3 (.const:xdc_runtime_Memory_defaultHeapInstance__C)

.const:xdc_runtime_Startup_execImpl__C 
*          0    00001450    00000004     
                  00001450    00000004     rfPacketTx_pem3.oem3 (.const:xdc_runtime_Startup_execImpl__C)

.const:xdc_runtime_Startup_maxPasses__C 
*          0    00001454    00000004     
                  00001454    00000004     rfPacketTx_pem3.oem3 (.const:xdc_runtime_Startup_maxPasses__C)

.const:xdc_runtime_Startup_sfxnRts__C 
*          0    00001458    00000004     
                  00001458    00000004     rfPacketTx_pem3.oem3 (.const:xdc_runtime_Startup_sfxnRts__C)

.const:xdc_runtime_Startup_sfxnTab__C 
*          0    0000145c    00000004     
                  0000145c    00000004     rfPacketTx_pem3.oem3 (.const:xdc_runtime_Startup_sfxnTab__C)

.const:xdc_runtime_Startup_startModsFxn__C 
*          0    00001460    00000004     
                  00001460    00000004     rfPacketTx_pem3.oem3 (.const:xdc_runtime_Startup_startModsFxn__C)

.const:xdc_runtime_SysCallback_abortFxn__C 
*          0    00001464    00000004     
                  00001464    00000004     rfPacketTx_pem3.oem3 (.const:xdc_runtime_SysCallback_abortFxn__C)

.const:xdc_runtime_SysCallback_exitFxn__C 
*          0    00001468    00000004     
                  00001468    00000004     rfPacketTx_pem3.oem3 (.const:xdc_runtime_SysCallback_exitFxn__C)

.const:xdc_runtime_System_abortFxn__C 
*          0    0000146c    00000004     
                  0000146c    00000004     rfPacketTx_pem3.oem3 (.const:xdc_runtime_System_abortFxn__C)

.const:xdc_runtime_System_exitFxn__C 
*          0    00001470    00000004     
                  00001470    00000004     rfPacketTx_pem3.oem3 (.const:xdc_runtime_System_exitFxn__C)

.const:xdc_runtime_System_maxAtexitHandlers__C 
*          0    00001474    00000004     
                  00001474    00000004     rfPacketTx_pem3.oem3 (.const:xdc_runtime_System_maxAtexitHandlers__C)

.const:xdc_runtime_Text_charTab__C 
*          0    00001478    00000004     
                  00001478    00000004     rfPacketTx_pem3.oem3 (.const:xdc_runtime_Text_charTab__C)

.const:xdc_runtime_Text_nameEmpty__C 
*          0    0000147c    00000004     
                  0000147c    00000004     rfPacketTx_pem3.oem3 (.const:xdc_runtime_Text_nameEmpty__C)

.const:xdc_runtime_Text_nameStatic__C 
*          0    00001480    00000004     
                  00001480    00000004     rfPacketTx_pem3.oem3 (.const:xdc_runtime_Text_nameStatic__C)

.const:xdc_runtime_Text_nameUnknown__C 
*          0    00001484    00000004     
                  00001484    00000004     rfPacketTx_pem3.oem3 (.const:xdc_runtime_Text_nameUnknown__C)

.const:xdc_runtime_Main_Module__id__C 
*          0    00001488    00000002     
                  00001488    00000002     rfPacketTx_pem3.oem3 (.const:xdc_runtime_Main_Module__id__C)

.const:xdc_runtime_Memory_Module__id__C 
*          0    0000148a    00000002     
                  0000148a    00000002     rfPacketTx_pem3.oem3 (.const:xdc_runtime_Memory_Module__id__C)

.const:xdc_runtime_Text_charCnt__C 
*          0    0000148c    00000002     
                  0000148c    00000002     rfPacketTx_pem3.oem3 (.const:xdc_runtime_Text_charCnt__C)

.const:xdc_runtime_Text_isLoaded__C 
*          0    0000148e    00000002     
                  0000148e    00000002     rfPacketTx_pem3.oem3 (.const:xdc_runtime_Text_isLoaded__C)

.const:xdc_runtime_Error_policy__C 
*          0    00001490    00000001     
                  00001490    00000001     rfPacketTx_pem3.oem3 (.const:xdc_runtime_Error_policy__C)

.const:ti_sysbios_rom_ROM_AONRTCChannelEnable 
*          0    00001494    00000004     
                  00001494    00000004     rfPacketTx_pem3.oem3 (.const:ti_sysbios_rom_ROM_AONRTCChannelEnable)

.const:ti_sysbios_rom_ROM_AONRTCCompareValueSet 
*          0    00001498    00000004     
                  00001498    00000004     rfPacketTx_pem3.oem3 (.const:ti_sysbios_rom_ROM_AONRTCCompareValueSet)

.const:ti_sysbios_rom_ROM_AONRTCCurrentCompareValueGet 
*          0    0000149c    00000004     
                  0000149c    00000004     rfPacketTx_pem3.oem3 (.const:ti_sysbios_rom_ROM_AONRTCCurrentCompareValueGet)

.const:ti_sysbios_rom_ROM_AONRTCEventClear 
*          0    000014a0    00000004     
                  000014a0    00000004     rfPacketTx_pem3.oem3 (.const:ti_sysbios_rom_ROM_AONRTCEventClear)

.const:ti_sysbios_rom_ROM_ti_sysbios_family_arm_cc26xx_Timer_getCount64__E 
*          0    000014a4    00000004     
                  000014a4    00000004     rfPacketTx_pem3.oem3 (.const:ti_sysbios_rom_ROM_ti_sysbios_family_arm_cc26xx_Timer_getCount64__E)

.const:ti_sysbios_rom_ROM_ti_sysbios_family_arm_cc26xx_Timer_getCurrentTick__E 
*          0    000014a8    00000004     
                  000014a8    00000004     rfPacketTx_pem3.oem3 (.const:ti_sysbios_rom_ROM_ti_sysbios_family_arm_cc26xx_Timer_getCurrentTick__E)

.const:ti_sysbios_rom_ROM_ti_sysbios_family_arm_cc26xx_Timer_getMaxTicks__E 
*          0    000014ac    00000004     
                  000014ac    00000004     rfPacketTx_pem3.oem3 (.const:ti_sysbios_rom_ROM_ti_sysbios_family_arm_cc26xx_Timer_getMaxTicks__E)

.const:ti_sysbios_rom_ROM_ti_sysbios_family_arm_cc26xx_Timer_initDevice__I 
*          0    000014b0    00000004     
                  000014b0    00000004     rfPacketTx_pem3.oem3 (.const:ti_sysbios_rom_ROM_ti_sysbios_family_arm_cc26xx_Timer_initDevice__I)

.const:ti_sysbios_rom_ROM_ti_sysbios_family_arm_cc26xx_Timer_setNextTick__E 
*          0    000014b4    00000004     
                  000014b4    00000004     rfPacketTx_pem3.oem3 (.const:ti_sysbios_rom_ROM_ti_sysbios_family_arm_cc26xx_Timer_setNextTick__E)

.const:ti_sysbios_rom_ROM_ti_sysbios_family_arm_cc26xx_Timer_setThreshold__I 
*          0    000014b8    00000004     
                  000014b8    00000004     rfPacketTx_pem3.oem3 (.const:ti_sysbios_rom_ROM_ti_sysbios_family_arm_cc26xx_Timer_setThreshold__I)

.const:ti_sysbios_rom_ROM_ti_sysbios_family_arm_cc26xx_Timer_start__E 
*          0    000014bc    00000004     
                  000014bc    00000004     rfPacketTx_pem3.oem3 (.const:ti_sysbios_rom_ROM_ti_sysbios_family_arm_cc26xx_Timer_start__E)

.const:ti_sysbios_rom_ROM_ti_sysbios_family_arm_cc26xx_TimestampProvider_get32__E 
*          0    000014c0    00000004     
                  000014c0    00000004     rfPacketTx_pem3.oem3 (.const:ti_sysbios_rom_ROM_ti_sysbios_family_arm_cc26xx_TimestampProvider_get32__E)

.const:ti_sysbios_rom_ROM_xdc_runtime_Startup_getState__I 
*          0    000014c4    00000004     
                  000014c4    00000004     rfPacketTx_pem3.oem3 (.const:ti_sysbios_rom_ROM_xdc_runtime_Startup_getState__I)

.const:ti_sysbios_rom_ROM_xdc_runtime_System_SupportProxy_abort__E 
*          0    000014c8    00000004     
                  000014c8    00000004     rfPacketTx_pem3.oem3 (.const:ti_sysbios_rom_ROM_xdc_runtime_System_SupportProxy_abort__E)

.const:ti_sysbios_rom_ROM_xdc_runtime_System_SupportProxy_exit__E 
*          0    000014cc    00000004     
                  000014cc    00000004     rfPacketTx_pem3.oem3 (.const:ti_sysbios_rom_ROM_xdc_runtime_System_SupportProxy_exit__E)

.const:ti_sysbios_gates_GateMutex_Instance_State_sem__O 
*          0    000014d0    00000004     
                  000014d0    00000004     rfPacketTx_pem3.oem3 (.const:ti_sysbios_gates_GateMutex_Instance_State_sem__O)

.const:ti_sysbios_knl_Clock_Module_State_clockQ__O 
*          0    000014d4    00000004     
                  000014d4    00000004     rfPacketTx_pem3.oem3 (.const:ti_sysbios_knl_Clock_Module_State_clockQ__O)

.const:ti_sysbios_knl_Mailbox_Instance_State_dataQue__O 
*          0    000014d8    00000004     
                  000014d8    00000004     rfPacketTx_pem3.oem3 (.const:ti_sysbios_knl_Mailbox_Instance_State_dataQue__O)

.const:ti_sysbios_knl_Mailbox_Instance_State_dataSem__O 
*          0    000014dc    00000004     
                  000014dc    00000004     rfPacketTx_pem3.oem3 (.const:ti_sysbios_knl_Mailbox_Instance_State_dataSem__O)

.const:ti_sysbios_knl_Mailbox_Instance_State_freeQue__O 
*          0    000014e0    00000004     
                  000014e0    00000004     rfPacketTx_pem3.oem3 (.const:ti_sysbios_knl_Mailbox_Instance_State_freeQue__O)

.const:ti_sysbios_knl_Mailbox_Instance_State_freeSem__O 
*          0    000014e4    00000004     
                  000014e4    00000004     rfPacketTx_pem3.oem3 (.const:ti_sysbios_knl_Mailbox_Instance_State_freeSem__O)

.const:ti_sysbios_knl_Semaphore_Instance_State_pendQ__O 
*          0    000014e8    00000004     
                  000014e8    00000004     rfPacketTx_pem3.oem3 (.const:ti_sysbios_knl_Semaphore_Instance_State_pendQ__O)

.const:ti_sysbios_knl_Task_Module_State_inactiveQ__O 
*          0    000014ec    00000004     
                  000014ec    00000004     rfPacketTx_pem3.oem3 (.const:ti_sysbios_knl_Task_Module_State_inactiveQ__O)

.ccfg      0    0001ffa8    00000058     
                  0001ffa8    00000058     ccfg.obj (.ccfg:retain)

.vecs      0    20000000    000000dc     UNINITIALIZED
                  20000000    000000dc     rfPacketTx_pem3.oem3 (.vecs)

.data:ti_sysbios_knl_Task_Module__state__V 
*          0    20000100    00000044     UNINITIALIZED
                  20000100    00000044     rfPacketTx_pem3.oem3 (.data:ti_sysbios_knl_Task_Module__state__V)

.data:ti_sysbios_family_arm_m3_Hwi_Module__state__V 
*          0    20000144    00000034     UNINITIALIZED
                  20000144    00000034     rfPacketTx_pem3.oem3 (.data:ti_sysbios_family_arm_m3_Hwi_Module__state__V)

.data:ti_sysbios_knl_Clock_Module__state__V 
*          0    20000178    0000002c     UNINITIALIZED
                  20000178    0000002c     rfPacketTx_pem3.oem3 (.data:ti_sysbios_knl_Clock_Module__state__V)

.data:ti_sysbios_BIOS_Module__state__V 
*          0    200001a4    00000024     UNINITIALIZED
                  200001a4    00000024     rfPacketTx_pem3.oem3 (.data:ti_sysbios_BIOS_Module__state__V)

.data:ti_sysbios_knl_Swi_Module__state__V 
*          0    200001c8    0000001c     UNINITIALIZED
                  200001c8    0000001c     rfPacketTx_pem3.oem3 (.data:ti_sysbios_knl_Swi_Module__state__V)

.data:ti_sysbios_family_arm_cc26xx_Timer_Module__state__V 
*          0    200001e4    00000008     UNINITIALIZED
                  200001e4    00000008     rfPacketTx_pem3.oem3 (.data:ti_sysbios_family_arm_cc26xx_Timer_Module__state__V)

.data:ti_sysbios_family_arm_cc26xx_TimestampProvider_Module__state__V 
*          0    200001ec    00000004     UNINITIALIZED
                  200001ec    00000004     rfPacketTx_pem3.oem3 (.data:ti_sysbios_family_arm_cc26xx_TimestampProvider_Module__state__V)

.data:xdc_runtime_Startup_Module__state__V 
*          0    200001f0    00000008     UNINITIALIZED
                  200001f0    00000008     rfPacketTx_pem3.oem3 (.data:xdc_runtime_Startup_Module__state__V)

.data:xdc_runtime_System_Module__state__V 
*          0    200001f8    00000008     UNINITIALIZED
                  200001f8    00000008     rfPacketTx_pem3.oem3 (.data:xdc_runtime_System_Module__state__V)

.data:xdc_runtime_Memory_Module__state__V 
*          0    20000200    00000004     UNINITIALIZED
                  20000200    00000004     rfPacketTx_pem3.oem3 (.data:xdc_runtime_Memory_Module__state__V)

.bss       0    20000208    00000fd2     UNINITIALIZED
                  20000208    00000400     rfPacketTx_pem3.oem3 (.bss:ti_sysbios_heaps_HeapMem_Instance_State_0_buf__A)
                  20000608    00000400     rfPacketTx.obj (.bss:txTaskStack)
                  20000a08    00000200     rfPacketTx_pem3.oem3 (.bss:taskStackSection)
                  20000c08    00000140     drivers_cc13xxware.aem3 : RF.oem3 (.bss:aCmdPool)
                  20000d48    000000dc     rfPacketTx_pem3.oem3 (.bss:ti_sysbios_family_arm_m3_Hwi_dispatchTable)
                  20000e24    00000004     (.common:PIN_NumPins)
                  20000e28    00000090     rfPacketTx.obj (.bss:rfObject)
                  20000eb8    0000007c     drivers_cc13xxware.aem3 : PINCC26XX.oem3 (.bss:PIN_HandleTable)
                  20000f34    00000050     rfPacketTx.obj (.bss:txTask)
                  20000f84    0000003c     rfPacketTx.obj (.bss:txTaskParams)
                  20000fc0    00000034     drivers_cc13xxware.aem3 : PINCC26XX.oem3 (.bss:PinSwi)
                  20000ff4    00000034                             : RF.oem3 (.bss:swiFsm)
                  20001028    00000034                             : RF.oem3 (.bss:swiHw)
                  2000105c    00000024                             : RF.oem3 (.bss:clkPowerUp)
                  20001080    00000024                             : RF.oem3 (.bss:cmdDirImm)
                  200010a4    00000020     (.common:PinGpioConfigTable)
                  200010c4    00000020     (.common:packet)
                  200010e4    0000001c     (.common:PinHwi)
                  20001100    0000001c     (.common:PinSem)
                  2000111c    0000001c     (.common:hwiCpe0)
                  20001138    0000001c     (.common:hwiHw)
                  20001154    00000014     (.common:cmdQ)
                  20001168    00000014     (.common:opRatSync)
                  2000117c    00000014     (.common:oscHfGlobals)
                  20001190    0000000c     (.common:ledPinState)
                  2000119c    00000008     (.common:powerQualGlobals)
                  200011a4    00000004     (.common:activeTime)
                  200011a8    00000004     (.common:dispatchInUs)
                  200011ac    00000004     (.common:ledPinHandle)
                  200011b0    00000004     (.common:nRtc1)
                  200011b4    00000004     (.common:nRtc2)
                  200011b8    00000004     (.common:nRtc3)
                  200011bc    00000004     (.common:pCurrClient)
                  200011c0    00000004     (.common:pFsmState)
                  200011c4    00000004     (.common:pPinGpio)
                  200011c8    00000004     (.common:pinHandle)
                  200011cc    00000004     (.common:rfHandle)
                  200011d0    00000002     (.common:seqNumber)
                  200011d2    00000001     (.common:bRadioActive)
                  200011d3    00000001     (.common:bRestart)
                  200011d4    00000001     (.common:bStart)
                  200011d5    00000001     (.common:driverlib_release_0_45566)
                  200011d6    00000001     (.common:initAvailRatCh)
                  200011d7    00000001     (.common:isCC13xx)
                  200011d8    00000001     (.common:nActiveClients)
                  200011d9    00000001     (.common:nClients)

.TI.noinit 
*          0    20000208    00000000     UNINITIALIZED

.data      0    200011e0    00000402     UNINITIALIZED
                  200011e0    0000010c     drivers_cc13xxware.aem3 : PowerCC26XX.oem3 (.data:PowerCC26XX_module)
                  200012ec    000000f0     rfPacketTx_pem3.oem3 (.data)
                  200013dc    00000058     smartrf_settings.obj (.data:pOverrides)
                  20001434    0000004c     rfPacketTx_pem3.oem3 (.data:ti_sysbios_knl_Task_Object__table__V)
                  20001480    00000048     rfPacketTx_pem3.oem3 (.data:ti_sysbios_family_arm_cc26xx_Timer_Object__table__V)
                  200014c8    00000040     smartrf_settings.obj (.data)
                  20001508    00000038     rfPacketTx_pem3.oem3 (.data:ti_sysbios_gates_GateMutex_Object__table__V)
                  20001540    00000030     rfPacketTx_pem3.oem3 (.data:ti_sysbios_knl_Swi_Module_State_0_readyQ__A)
                  20001570    00000030     rfPacketTx_pem3.oem3 (.data:ti_sysbios_knl_Swi_Object__table__V)
                  200015a0    00000028     smartrf_settings.obj (.data:RF_cmdPropRadioDivSetup)
                  200015c8    00000008     rfPacketTx.obj (.data)
                  200015d0    00000008     rtsv7M3_T_le_eabi.lib : _lock.obj (.data)
                  200015d8    00000004                           : rand.obj (.data)
                  200015dc    00000004                           : stkdepth_vars.obj (.data)
                  200015e0    00000002     drivers_cc13xxware.aem3 : RF.oem3 (.data)

.TI.persistent 
*          0    200011e0    00000000     UNINITIALIZED

.stack     0    20004e00    00000200     UNINITIALIZED
                  20004e00    00000200     --HOLE--

.bootVecs 
*          0    00000000    00000008     DSECT
                  00000000    00000008     boot.aem3 : boot.oem3 (.bootVecs)

xdc.meta   0    00000000    00000108     COPY SECTION
                  00000000    00000108     rfPacketTx_pem3.oem3 (xdc.meta)

xdc.noload 
*          0    00000000    00000000     COPY SECTION


LINKER GENERATED COPY TABLES

__TI_cinit_table @ 00000768 records: 13, size/record: 8, table size: 104
	.data: load addr=000003d8, load size=0000025a bytes, run addr=200011e0, run size=00000402 bytes, compression=rle
	.data:ti_sysbios_family_arm_m3_Hwi_Module__state__V: load addr=00000638, load size=0000002c bytes, run addr=20000144, run size=00000034 bytes, compression=rle
	.data:ti_sysbios_knl_Task_Module__state__V: load addr=00000668, load size=0000002c bytes, run addr=20000100, run size=00000044 bytes, compression=rle
	.data:ti_sysbios_knl_Clock_Module__state__V: load addr=00000698, load size=00000021 bytes, run addr=20000178, run size=0000002c bytes, compression=rle
	.data:ti_sysbios_BIOS_Module__state__V: load addr=000006c0, load size=0000001f bytes, run addr=200001a4, run size=00000024 bytes, compression=rle
	.data:ti_sysbios_knl_Swi_Module__state__V: load addr=000006e0, load size=00000011 bytes, run addr=200001c8, run size=0000001c bytes, compression=rle
	.data:ti_sysbios_family_arm_cc26xx_Timer_Module__state__V: load addr=000006f8, load size=0000000d bytes, run addr=200001e4, run size=00000008 bytes, compression=rle
	.data:xdc_runtime_Memory_Module__state__V: load addr=00000718, load size=0000000a bytes, run addr=20000200, run size=00000004 bytes, compression=rle
	.data:ti_sysbios_family_arm_cc26xx_TimestampProvider_Module__state__V: load addr=00000728, load size=00000009 bytes, run addr=200001ec, run size=00000004 bytes, compression=rle
	.data:xdc_runtime_Startup_Module__state__V: load addr=00000738, load size=00000009 bytes, run addr=200001f0, run size=00000008 bytes, compression=rle
	.data:xdc_runtime_System_Module__state__V: load addr=00000748, load size=00000009 bytes, run addr=200001f8, run size=00000008 bytes, compression=rle
	.bss: load addr=00000758, load size=00000008 bytes, run addr=20000208, run size=00000fd2 bytes, compression=zero_init
	.vecs: load addr=00000760, load size=00000008 bytes, run addr=20000000, run size=000000dc bytes, compression=zero_init


LINKER GENERATED HANDLER TABLE

__TI_handler_table @ 00000708 records: 3, size/record: 4, table size: 12
	index: 0, handler: __TI_decompress_rle24
	index: 1, handler: __TI_decompress_none
	index: 2, handler: __TI_zero_init


FAR CALL TRAMPOLINES

callee name               trampoline name
   callee addr  tramp addr   call addr  call info
--------------  -----------  ---------  ----------------
xdc_runtime_Startup_startMods__I  $Tramp$TT$L$PI$$xdc_runtime_Startup_startMods__I
   1001c309     00005240     000050f6   rfPacketTx_pem3.oem3 (.text:xdc_runtime_Startup_exec__I)
ti_sysbios_knl_Clock_logTick__E  $Tramp$TT$L$PI$$ti_sysbios_knl_Clock_logTick__E
   1001be63     00005248     000050da   rfPacketTx_pem3.oem3 (.text:ti_sysbios_knl_Clock_doTick__I)
ti_sysbios_knl_Task_Params__init__S  $Tramp$TT$L$PI$$ti_sysbios_knl_Task_Params__init__S
   1001c1d5     00005250     00005094   rfPacketTx.obj (.text:ti_sysbios_knl_Task_Params_init)
ti_sysbios_knl_Swi_post__E  $Tramp$TT$L$PI$$ti_sysbios_knl_Swi_post__E
   1001b31d     00005258     0000503c   rom_sysbios.aem3 : rom_sysbios.obj (.text:ti_sysbios_knl_Swi_or__E)
                             000050e2   rfPacketTx_pem3.oem3 (.text:ti_sysbios_knl_Clock_doTick__I)
ti_sysbios_BIOS_RtsGateProxy_leave__E  $Tramp$TT$L$PI$$ti_sysbios_BIOS_RtsGateProxy_leave__E
   1001c249     00005260     0000501e   rfPacketTx_pem3.oem3 (.text:ti_sysbios_BIOS_rtsUnlock__I)
ti_sysbios_BIOS_RtsGateProxy_enter__E  $Tramp$TT$L$PI$$ti_sysbios_BIOS_RtsGateProxy_enter__E
   1001c245     00005268     00004d6e   rfPacketTx_pem3.oem3 (.text:ti_sysbios_BIOS_rtsLock__I)
ti_sysbios_knl_Task_startup__E  $Tramp$TT$L$PI$$ti_sysbios_knl_Task_startup__E
   1001c305     00005270     00004cfc   rfPacketTx_pem3.oem3 (.text:ti_sysbios_BIOS_startFunc__I)
ti_sysbios_knl_Swi_startup__E  $Tramp$TT$L$PI$$ti_sysbios_knl_Swi_startup__E
   1001c239     00005278     00004cf8   rfPacketTx_pem3.oem3 (.text:ti_sysbios_BIOS_startFunc__I)
ti_sysbios_hal_Hwi_HwiProxy_startup__E  $Tramp$TT$L$PI$$ti_sysbios_hal_Hwi_HwiProxy_startup__E
   1001c289     00005280     00004cf4   rfPacketTx_pem3.oem3 (.text:ti_sysbios_BIOS_startFunc__I)
ti_sysbios_family_arm_cc26xx_Timer_startup__E  $Tramp$TT$L$PI$$ti_sysbios_family_arm_cc26xx_Timer_startup__E
   1001b791     00005288     00004cf0   rfPacketTx_pem3.oem3 (.text:ti_sysbios_BIOS_startFunc__I)
xdc_runtime_System_atexit__E  $Tramp$TT$L$PI$$xdc_runtime_System_atexit__E
   1001c67d     00005290     00004ce8   rfPacketTx_pem3.oem3 (.text:ti_sysbios_BIOS_startFunc__I)
ti_sysbios_BIOS_setThreadType__E  $Tramp$TT$L$PI$$ti_sysbios_BIOS_setThreadType__E
   1001c041     00005298     00004aac   rfPacketTx_pem3.oem3 (.text:ti_sysbios_BIOS_atExitFunc__I)
                             00005078   rfPacketTx_pem3.oem3 (.text:ti_sysbios_BIOS_exitFunc__I)
xdc_runtime_System_exit__E  $Tramp$TT$L$PI$$xdc_runtime_System_exit__E
   1001c7cd     000052a0     00004838   boot.aem3 : boot.oem3 (.text)
                             0000507e   rfPacketTx_pem3.oem3 (.text:ti_sysbios_BIOS_exitFunc__I)
ti_sysbios_knl_Task_construct  $Tramp$TT$L$PI$$ti_sysbios_knl_Task_construct
   1001b125     000052a8     00004112   rfPacketTx.obj (.text:TxTask_init)
ti_sysbios_BIOS_start__E  $Tramp$TT$L$PI$$ti_sysbios_BIOS_start__E
   1001c051     000052b0     00003b30   rfPacketTx.obj (.text:main)
xdc_runtime_System_abort__E  $Tramp$TT$L$PI$$xdc_runtime_System_abort__E
   1001c745     000052b8     00003b0c   rfPacketTx.obj (.text:main)
                             00003b24   rfPacketTx.obj (.text:main)
ti_sysbios_knl_Clock_scheduleNextTick__E  $Tramp$TT$L$PI$$ti_sysbios_knl_Clock_scheduleNextTick__E
   1001beb9     000052c0     000038aa   rom_sysbios.aem3 : rom_sysbios.obj (.text:ti_sysbios_knl_Clock_workFuncDynamic__E)
ti_sysbios_knl_Clock_walkQueueDynamic__E  $Tramp$TT$L$PI$$ti_sysbios_knl_Clock_walkQueueDynamic__E
   1001a809     000052c8     00003872   rom_sysbios.aem3 : rom_sysbios.obj (.text:ti_sysbios_knl_Clock_workFuncDynamic__E)
[...]
1001c175  ti_sysbios_BIOS_RtsGateProxy_Params__init__S                              
1001c175  ti_sysbios_gates_GateMutex_Params__init__S                                
1001c175  ti_sysbios_heaps_HeapMem_Module_GateProxy_Params__init__S                 
1001c181  ti_sysbios_knl_Clock_Params__init__S                                      
1001c18d  ti_sysbios_knl_Clock_getTimerHandle__E                                    
1001c199  ti_sysbios_knl_Mailbox_Params__init__S                                    
1001c1a5  ti_sysbios_knl_Queue_dequeue__E                                           
1001c1b1  ti_sysbios_knl_Queue_enqueue__E                                           
1001c1bd  ti_sysbios_knl_Semaphore_Params__init__S                                  
1001c1c9  ti_sysbios_knl_Swi_Params__init__S                                        
1001c1d5  ti_sysbios_knl_Task_Params__init__S                                       
1001c1e1  ti_sysbios_knl_Task_self__E                                               
1001c1ed  ti_sysbios_hal_Hwi_Instance_finalize__E                                   
1001c1f7  ti_sysbios_family_arm_m3_Hwi_doSwiRestore__I                              
1001c1ff  ti_sysbios_family_arm_m3_Hwi_startup__E                                   
1001c207  ti_sysbios_knl_Idle_loop__E                                               
1001c20f  ti_sysbios_family_arm_m3_Hwi_doTaskRestore__I                             
1001c215  ti_sysbios_family_arm_m3_Hwi_restoreFxn__E                                
1001c21b  ti_sysbios_gates_GateHwi_leave__E                                         
1001c227  ti_sysbios_knl_Queue_Instance_init__E                                     
1001c22d  ti_sysbios_knl_Queue_elemClear__E                                         
1001c233  ti_sysbios_knl_Swi_Module_startup__E                                      
1001c239  ti_sysbios_knl_Swi_startup__E                                             
1001c23f  ti_sysbios_knl_Task_enable__E                                             
1001c245  ti_sysbios_BIOS_RtsGateProxy_enter__E                                     
1001c249  ti_sysbios_BIOS_RtsGateProxy_leave__E                                     
1001c24d  ti_sysbios_family_arm_cc26xx_Timer_getExpiredTicks__E                     
1001c251  ti_sysbios_family_arm_cc26xx_Timer_getPeriod__E                           
1001c255  ti_sysbios_family_arm_cc26xx_Timer_setPeriod__E                           
1001c259  ti_sysbios_family_arm_m3_Hwi_delete                                       
1001c25d  ti_sysbios_family_arm_m3_Hwi_destruct                                     
1001c261  ti_sysbios_family_arm_m3_TaskSupport_Module__startupDone__S               
1001c265  ti_sysbios_gates_GateHwi_query__E                                         
1001c265  xdc_runtime_System_Module_GateProxy_query__E                              
1001c269  ti_sysbios_gates_GateMutex_delete                                         
1001c26d  ti_sysbios_gates_GateMutex_destruct                                       
1001c271  ti_sysbios_BIOS_RtsGateProxy_query__E                                     
1001c271  ti_sysbios_gates_GateMutex_query__E                                       
1001c271  ti_sysbios_heaps_HeapMem_Module_GateProxy_query__E                        
1001c275  ti_sysbios_hal_Hwi_HwiProxy_Module__startupDone__S                        
1001c279  ti_sysbios_hal_Hwi_HwiProxy_delete                                        
1001c27d  ti_sysbios_hal_Hwi_HwiProxy_disableInterrupt__E                           
1001c27d  ti_sysbios_hal_Hwi_disableInterrupt__E                                    
1001c281  ti_sysbios_hal_Hwi_HwiProxy_enableInterrupt__E                            
1001c281  ti_sysbios_hal_Hwi_enableInterrupt__E                                     
1001c285  ti_sysbios_hal_Hwi_HwiProxy_getStackInfo__E                               
1001c285  ti_sysbios_hal_Hwi_getStackInfo__E                                        
1001c289  ti_sysbios_hal_Hwi_HwiProxy_startup__E                                    
1001c289  ti_sysbios_hal_Hwi_startup__E                                             
1001c28d  ti_sysbios_hal_Hwi_HwiProxy_switchFromBootStack__E                        
1001c291  ti_sysbios_hal_Hwi_delete                                                 
1001c295  ti_sysbios_hal_Hwi_switchFromBootStack__E                                 
1001c299  ti_sysbios_heaps_HeapMem_Module_GateProxy_enter__E                        
1001c29d  ti_sysbios_heaps_HeapMem_Module_GateProxy_leave__E                        
1001c2a1  ti_sysbios_heaps_HeapMem_isBlocking__E                                    
1001c2a5  ti_sysbios_knl_Clock_TimerProxy_Module__startupDone__S                    
1001c2a9  ti_sysbios_knl_Clock_TimerProxy_getExpiredTicks__E                        
1001c2ad  ti_sysbios_knl_Clock_TimerProxy_getPeriod__E                              
1001c2b1  ti_sysbios_knl_Clock_delete                                               
1001c2b5  ti_sysbios_knl_Clock_destruct                                             
1001c2b9  ti_sysbios_knl_Clock_removeI__E                                           
1001c2bd  ti_sysbios_knl_Clock_setTimeout__E                                        
1001c2c1  ti_sysbios_knl_Mailbox_delete                                             
1001c2c5  ti_sysbios_knl_Mailbox_destruct                                           
1001c2c9  ti_sysbios_knl_Queue_delete                                               
1001c2cd  ti_sysbios_knl_Queue_destruct                                             
1001c2d1  ti_sysbios_knl_Queue_head__E                                              
1001c2d5  ti_sysbios_knl_Queue_next__E                                              
1001c2d9  ti_sysbios_knl_Semaphore_delete                                           
1001c2dd  ti_sysbios_knl_Semaphore_destruct                                         
1001c2e1  ti_sysbios_knl_Swi_delete                                                 
1001c2e5  ti_sysbios_knl_Swi_destruct                                               
1001c2e9  ti_sysbios_knl_Swi_postInit__I                                            
1001c2ed  ti_sysbios_knl_Task_SupportProxy_Module__startupDone__S                   
1001c2f1  ti_sysbios_knl_Task_SupportProxy_getStackAlignment__E                     
1001c2f5  ti_sysbios_knl_Task_SupportProxy_start__E                                 
1001c2f9  ti_sysbios_knl_Task_SupportProxy_swap__E                                  
1001c2fd  ti_sysbios_knl_Task_delete                                                
1001c301  ti_sysbios_knl_Task_destruct                                              
1001c305  ti_sysbios_knl_Task_startup__E                                            
1001c309  xdc_runtime_Startup_startMods__I                                          
1001c401  xdc_runtime_Core_createObject__I                                          
1001c483  xdc_runtime_Error_policySpin__E                                           
1001c485  xdc_runtime_Memory_alloc__E                                               
1001c4f5  xdc_runtime_Core_deleteObject__I                                          
1001c555  xdc_runtime_Startup_exec__E                                               
1001c5a5  xdc_runtime_Assert_raise__I                                               
1001c5ed  xdc_runtime_Core_assignParams__I                                          
1001c635  xdc_runtime_Core_constructObject__I                                       
1001c67d  xdc_runtime_System_atexit__E                                              
1001c6b5  xdc_runtime_System_processAtExit__E                                       
1001c6e9  xdc_runtime_Core_assignLabel__I                                           
1001c719  xdc_runtime_Text_cordText__E                                              
1001c745  xdc_runtime_System_abort__E                                               
1001c765  xdc_runtime_Error_raiseX__E                                               
1001c781  xdc_runtime_Memory_valloc__E                                              
1001c79d  xdc_runtime_Core_destructObject__I                                        
1001c7b5  xdc_runtime_Error_check__E                                                
1001c7cd  xdc_runtime_System_exit__E                                                
1001c7e5  xdc_runtime_Text_ropeText__E                                              
1001c7fd  xdc_runtime_Memory_free__E                                                
1001c80d  xdc_runtime_SysCallback_abort__E                                          
1001c81d  xdc_runtime_SysCallback_exit__E                                           
1001c82d  xdc_runtime_Timestamp_SupportProxy_get32__E                               
1001c82d  xdc_runtime_Timestamp_get32__E                                            
1001c83d  xdc_runtime_Error_init__E                                                 
1001c849  xdc_runtime_Memory_calloc__E                                              
1001c855  xdc_runtime_Memory_getMaxDefaultTypeAlign__E                              
1001c875  xdc_runtime_Gate_leaveSystem__E                                           
1001c87b  xdc_runtime_System_Module_startup__E                                      
1001c881  xdc_runtime_Gate_enterSystem__E                                           
1001c885  xdc_runtime_Memory_HeapProxy_alloc__E                                     
1001c889  xdc_runtime_Memory_HeapProxy_free__E                                      
1001c88d  xdc_runtime_System_Module_GateProxy_enter__E                              
1001c891  xdc_runtime_System_Module_GateProxy_leave__E                              
1001c895  xdc_runtime_System_abortSpin__E                                           
1001c897  xdc_runtime_System_exitSpin__E                                            
1001c899  ti_sysbios_family_arm_m3_Hwi_dispatch__I                                  
1001c969  ti_sysbios_family_arm_m3_TaskSupport_buildTaskStack                       
1001c9b5  ti_sysbios_family_arm_m3_Hwi_initStacks__E                                
1001c9fd  ti_sysbios_family_arm_m3_Hwi_excHandlerAsm__I                             
1001ca1d  ti_sysbios_family_xxx_Hwi_switchAndRunFunc                                
1001ca3b  ti_sysbios_family_arm_m3_Hwi_pendSV__I                                    
1001ca53  ti_sysbios_family_arm_m3_Hwi_return                                       
1001ca55  ti_sysbios_family_arm_m3_TaskSupport_glue                                 
1001ca65  ti_sysbios_family_arm_m3_TaskSupport_swap__E                              
1001ca6d  ti_sysbios_knl_Task_swapReturn                                            
1001ca97  ti_sysbios_rom_cortexm_cc13xx_CC13xx_getRevision__E                       
20000000  ti_sysbios_family_arm_m3_Hwi_ramVectors                                   
20000100  ti_sysbios_knl_Task_Module__state__V                                      
20000144  ti_sysbios_family_arm_m3_Hwi_Module__state__V                             
20000178  ti_sysbios_knl_Clock_Module__state__V                                     
200001a4  ti_sysbios_BIOS_Module__state__V                                          
200001c8  ti_sysbios_knl_Swi_Module__state__V                                       
200001e4  ti_sysbios_family_arm_cc26xx_Timer_Module__state__V                       
200001ec  ti_sysbios_family_arm_cc26xx_TimestampProvider_Module__state__V           
200001f0  xdc_runtime_Startup_Module__state__V                                      
200001f8  xdc_runtime_System_Module__state__V                                       
20000200  xdc_runtime_Memory_Module__state__V                                       
20000208  ti_sysbios_heaps_HeapMem_Instance_State_0_buf__A                          
20000a08  ti_sysbios_knl_Task_Instance_State_0_stack__A                             
20000d48  ti_sysbios_family_arm_m3_Hwi_dispatchTable                                
20000e24  PIN_NumPins                                                               
20000eb8  PIN_HandleTable                                                           
20000f34  txTask                                                                    
200011d5  driverlib_release_0_45566                                                 
200011e0  PowerCC26XX_module                                                        
200012ec  ti_sysbios_family_arm_cc26xx_Timer_Module__root__V                        
200012f4  ti_sysbios_family_arm_m3_Hwi_Module__root__V                              
200012fc  ti_sysbios_family_arm_m3_Hwi_Object__table__V                             
20001314  ti_sysbios_family_arm_m3_Hwi_Module_State_0_excActive__A                  
20001318  ti_sysbios_family_arm_m3_Hwi_Module_State_0_excContext__A                 
2000131c  ti_sysbios_family_arm_m3_Hwi_Module_State_0_excStack__A                   
20001320  ti_sysbios_gates_GateHwi_Module__root__V                                  
20001328  ti_sysbios_gates_GateHwi_Object__table__V                                 
2000132c  ti_sysbios_gates_GateMutex_Module__root__V                                
20001334  ti_sysbios_hal_Hwi_Module__root__V                                        
2000133c  ti_sysbios_heaps_HeapMem_Module__root__V                                  
20001344  ti_sysbios_heaps_HeapMem_Object__table__V                                 
2000135c  ti_sysbios_knl_Clock_Module__root__V                                      
20001364  ti_sysbios_knl_Clock_Object__table__V                                     
20001384  ti_sysbios_knl_Event_Module__root__V                                      
2000138c  ti_sysbios_knl_Mailbox_Module__root__V                                    
20001394  ti_sysbios_knl_Queue_Module__root__V                                      
2000139c  ti_sysbios_knl_Semaphore_Module__root__V                                  
200013a4  ti_sysbios_knl_Swi_Module__root__V                                        
200013ac  ti_sysbios_knl_Task_Module__root__V                                       
200013b4  ti_sysbios_knl_Task_Module_State_0_readyQ__A                              
200013d4  ti_sysbios_knl_Task_Module_State_0_idleTask__A                            
200013d8  __xdc__init__addr                                                         
200013dc  pOverrides                                                                
20001434  ti_sysbios_knl_Task_Object__table__V                                      
20001480  ti_sysbios_family_arm_cc26xx_Timer_Object__table__V                       
200014c8  RF_prop                                                                   
200014d8  RF_cmdFs                                                                  
200014f0  RF_cmdPropTx                                                              
20001508  ti_sysbios_gates_GateMutex_Object__table__V                               
20001540  ti_sysbios_knl_Swi_Module_State_0_readyQ__A                               
20001570  ti_sysbios_knl_Swi_Object__table__V                                       
200015a0  RF_cmdPropRadioDivSetup                                                   
200015c8  pinTable                                                                  
200015d0  _lock                                                                     
200015d4  _unlock                                                                   
200015dc  main_func_sp                                                              
20004e00  __stack                                                                   
20005000  __STACK_END                                                               
e000e000  ti_sysbios_family_arm_m3_Hwi_nvic                                         
ffffffff  __binit__                                                                 
ffffffff  __c_args__                                                                
ffffffff  binit                                                                     
UNDEFED   HwiP_restore                                                              
UNDEFED   SHT$$INIT_ARRAY$$Base                                                     
UNDEFED   SHT$$INIT_ARRAY$$Limit                                                    
UNDEFED   ti_sysbios_BIOS_RtsGateProxy_Handle__label__S__mangled__                  
UNDEFED   ti_sysbios_BIOS_RtsGateProxy_Object__delete__S__mangled__                 
UNDEFED   ti_sysbios_BIOS_RtsGateProxy_Params__init__S__mangled__                   
UNDEFED   ti_sysbios_BIOS_RtsGateProxy_query__E__mangled__                          
UNDEFED   ti_sysbios_hal_Hwi_HwiProxy_Module__startupDone__S__mangled__             
UNDEFED   ti_sysbios_hal_Hwi_HwiProxy_Object__delete__S__mangled__                  
UNDEFED   ti_sysbios_hal_Hwi_HwiProxy_Params__init__S__mangled__                    
UNDEFED   ti_sysbios_hal_Hwi_HwiProxy_disableInterrupt__E__mangled__                
UNDEFED   ti_sysbios_hal_Hwi_HwiProxy_enableInterrupt__E__mangled__                 
UNDEFED   ti_sysbios_hal_Hwi_HwiProxy_getStackInfo__E__mangled__                    
UNDEFED   ti_sysbios_hal_Hwi_HwiProxy_startup__E__mangled__                         
UNDEFED   ti_sysbios_hal_Hwi_HwiProxy_switchFromBootStack__E__mangled__             
UNDEFED   ti_sysbios_hal_Hwi_disableInterrupt__E                                    
UNDEFED   ti_sysbios_hal_Hwi_enableInterrupt__E                                     
UNDEFED   ti_sysbios_hal_Hwi_getStackInfo__E                                        
UNDEFED   ti_sysbios_hal_Hwi_startup__E                                             
UNDEFED   ti_sysbios_hal_Hwi_switchFromBootStack__E                                 
UNDEFED   ti_sysbios_heaps_HeapMem_Module_GateProxy_Handle__label__S__mangled__     
UNDEFED   ti_sysbios_heaps_HeapMem_Module_GateProxy_Object__delete__S__mangled__    
UNDEFED   ti_sysbios_heaps_HeapMem_Module_GateProxy_Params__init__S__mangled__      
UNDEFED   ti_sysbios_heaps_HeapMem_Module_GateProxy_query__E__mangled__             
UNDEFED   ti_sysbios_knl_Clock_TimerProxy_Module__startupDone__S__mangled__         
UNDEFED   ti_sysbios_knl_Clock_TimerProxy_startup__E__mangled__                     
UNDEFED   ti_sysbios_knl_Task_SupportProxy_Module__startupDone__S__mangled__        
UNDEFED   ti_sysbios_knl_Task_SupportProxy_getStackAlignment__E__mangled__          
UNDEFED   ti_sysbios_knl_Task_SupportProxy_start__E__mangled__                      
UNDEFED   ti_sysbios_knl_Task_SupportProxy_swap__E__mangled__                       
UNDEFED   xdc_runtime_Main_Module_GateProxy_Handle__label__S                        
UNDEFED   xdc_runtime_Main_Module_GateProxy_Object__delete__S                       
UNDEFED   xdc_runtime_Main_Module_GateProxy_query__E                                
UNDEFED   xdc_runtime_Memory_HeapProxy_Handle__label__S__mangled__                  
UNDEFED   xdc_runtime_Memory_HeapProxy_Object__delete__S__mangled__                 
UNDEFED   xdc_runtime_System_Module_GateProxy_Handle__label__S__mangled__           
UNDEFED   xdc_runtime_System_Module_GateProxy_Object__delete__S__mangled__          
UNDEFED   xdc_runtime_System_Module_GateProxy_query__E__mangled__                   
UNDEFED   xdc_runtime_System_SupportProxy_abort__E                                  
UNDEFED   xdc_runtime_System_SupportProxy_exit__E                                   
UNDEFED   xdc_runtime_Timestamp_SupportProxy_get64__E__mangled__                    
UNDEFED   xdc_runtime_Timestamp_SupportProxy_getFreq__E__mangled__                  
UNDEFED   xdc_runtime_Timestamp_get32__E                                            
UNDEFED   xdc_runtime_Timestamp_get64__E                                            
UNDEFED   xdc_runtime_Timestamp_getFreq__E                                          

[677 symbols]
